env: load .env
env: export EXPO_PUBLIC_FIREBASE_API_KEY EXPO_PUBLIC_FIREBASE_AUTH_DOMAIN EXPO_PUBLIC_FIREBASE_PROJECT_ID EXPO_PUBLIC_FIREBASE_STORAGE_BUCKET EXPO_PUBLIC_FIREBASE_MESSAGING_SENDER_ID EXPO_PUBLIC_FIREBASE_APP_ID
Networking has been disabled
Starting project at C:\Users\Akshara\Desktop\SkillBridge\mobile
React Compiler enabled
Starting Metro Bundler
Waiting on http://localhost:8081
Logs for your project will appear below.
Web node_modules\expo-router\entry.js ░░░░░░░░░░░░░░░░  0.0% (0/1)
Web node_modules\expo-router\entry.js ░░░░░░░░░░░░░░░░  0.0% (0/1)
λ node_modules\expo-router\node\render.js ░░░░░░░░░░░░░░░░  0.0% (0/1)
Web node_modules\expo-router\entry.js ░░░░░░░░░░░░░░░░  0.0% (0/1)
λ node_modules\expo-router\node\render.js ░░░░░░░░░░░░░░░░  1.0% (1/1)
Web node_modules\expo-router\entry.js ░░░░░░░░░░░░░░░░  4.0% (2/5)
λ node_modules\expo-router\node\render.js ▓░░░░░░░░░░░░░░░  6.3% ( 45/183)
Web node_modules\expo-router\entry.js ░░░░░░░░░░░░░░░░  4.0% ( 22/117)
λ node_modules\expo-router\node\render.js ▓▓▓▓░░░░░░░░░░░░ 30.5% (236/427)
Web node_modules\expo-router\entry.js ░░░░░░░░░░░░░░░░  0.0% (0/1)
λ node_modules\expo-router\node\render.js ░░░░░░░░░░░░░░░░  0.0% (0/1)
Web node_modules\expo-router\entry.js ▓▓▓▓░░░░░░░░░░░░ 25.3% (163/324)
λ node_modules\expo-router\node\render.js ▓▓▓▓▓▓▓▓░░░░░░░░ 53.9% (462/629)
Web node_modules\expo-router\entry.js ░░░░░░░░░░░░░░░░  0.0% (0/1)
λ node_modules\expo-router\node\render.js ░░░░░░░░░░░░░░░░  0.0% (0/1)
Web node_modules\expo-router\entry.js ▓▓▓▓▓░░░░░░░░░░░ 33.9% (287/493)
λ node_modules\expo-router\node\render.js ▓▓▓▓▓▓▓▓░░░░░░░░ 54.5% ( 583/1022)
Web node_modules\expo-router\entry.js ░░░░░░░░░░░░░░░░  0.0% (0/1)
λ node_modules\expo-router\node\render.js ░░░░░░░░░░░░░░░░  0.0% (0/1)
Web node_modules\expo-router\entry.js ▓▓▓▓▓▓░░░░░░░░░░ 42.0% (391/607)
λ node_modules\expo-router\node\render.js ▓▓▓▓▓▓▓▓░░░░░░░░ 54.5% ( 719/1245)
Web node_modules\expo-router\entry.js ░░░░░░░░░░░░░░░░  0.0% (0/1)
λ node_modules\expo-router\node\render.js ░░░░░░░░░░░░░░░░  0.0% (0/1)
Web node_modules\expo-router\entry.js ▓▓▓▓▓▓▓░░░░░░░░░ 46.1% (516/989)
λ node_modules\expo-router\node\render.js ▓▓▓▓▓▓▓▓▓▓░░░░░░ 63.7% (1049/1314)
Web node_modules\expo-router\entry.js ░░░░░░░░░░░░░░░░  0.0% (0/1)
λ node_modules\expo-router\node\render.js ░░░░░░░░░░░░░░░░  0.0% (0/1)
Web node_modules\expo-router\entry.js ▓▓▓▓▓▓▓░░░░░░░░░ 46.1% ( 606/1032)
λ node_modules\expo-router\node\render.js ▓▓▓▓▓▓▓▓▓▓▓░░░░░ 72.0% (1249/1477)
Web node_modules\expo-router\entry.js ░░░░░░░░░░░░░░░░  0.0% (0/1)
λ node_modules\expo-router\node\render.js ░░░░░░░░░░░░░░░░  0.0% (0/1)
Web node_modules\expo-router\entry.js ▓▓▓▓▓▓▓▓▓▓░░░░░░ 64.4% ( 969/1267)
λ node_modules\expo-router\node\render.js ▓▓▓▓▓▓▓▓▓▓▓░░░░░ 72.5% (1336/1635)
Web node_modules\expo-router\entry.js ░░░░░░░░░░░░░░░░  0.0% (0/1)
λ node_modules\expo-router\node\render.js ░░░░░░░░░░░░░░░░  0.0% (0/1)
Web node_modules\expo-router\entry.js ▓▓▓▓▓▓▓▓▓▓▓░░░░░ 70.9% (1188/1423)
λ node_modules\expo-router\node\render.js ▓▓▓▓▓▓▓▓▓▓▓▓░░░░ 76.6% (1521/1749)
Web node_modules\expo-router\entry.js ░░░░░░░░░░░░░░░░  0.0% (0/1)
λ node_modules\expo-router\node\render.js ░░░░░░░░░░░░░░░░  0.0% (0/1)
Web node_modules\expo-router\entry.js ▓▓▓▓▓▓▓▓▓▓▓░░░░░ 72.7% (1319/1585)
λ node_modules\expo-router\node\render.js ▓▓▓▓▓▓▓▓▓▓▓▓▓░░░ 81.9% (1716/1904)
Web node_modules\expo-router\entry.js ░░░░░░░░░░░░░░░░  0.0% (0/1)
λ node_modules\expo-router\node\render.js ░░░░░░░░░░░░░░░░  0.0% (0/1)
Web node_modules\expo-router\entry.js ▓▓▓▓▓▓▓▓▓▓▓▓░░░░ 79.2% (1556/1748)
λ node_modules\expo-router\node\render.js ▓▓▓▓▓▓▓▓▓▓▓▓▓▓░░ 90.0% (1911/2014)
Web node_modules\expo-router\entry.js ░░░░░░░░░░░░░░░░  0.0% (0/1)
λ node_modules\expo-router\node\render.js ░░░░░░░░░░░░░░░░  0.0% (0/1)
Web node_modules\expo-router\entry.js ▓▓▓▓▓▓▓▓▓▓▓▓▓▓░░ 90.3% (1827/1923)
λ node_modules\expo-router\node\render.js ▓▓▓▓▓▓▓▓▓▓▓▓▓▓▓░ 94.8% (2088/2147)
Web node_modules\expo-router\entry.js ░░░░░░░░░░░░░░░░  0.0% (0/1)
λ node_modules\expo-router\node\render.js ░░░░░░░░░░░░░░░░  0.0% (0/1)
λ Bundled 51792ms node_modules\expo-router\node\render.js (2187 modules)
λ Bundled 41754ms node_modules\expo-router\node\render.js (1 module)
Web node_modules\expo-router\entry.js ▓▓▓▓▓▓▓▓▓▓▓▓▓▓▓░ 99.9% (2065/2065)
Web node_modules\expo-router\entry.js ░░░░░░░░░░░░░░░░  0.0% (0/1)
Web Bundled 56226ms node_modules\expo-router\entry.js (2065 modules)
Web node_modules\expo-router\entry.js ▓▓▓▓▓▓▓▓▓▓▓▓▓▓▓░ 99.9% (2065/2065)
Web node_modules\expo-router\entry.js ░░░░░░░░░░░░░░░░  0.0% (0/1)
Web Bundled 46131ms node_modules\expo-router\entry.js (1 module)
iOS node_modules\expo-router\entry.js ░░░░░░░░░░░░░░░░  0.0% (0/1)
iOS node_modules\expo-router\entry.js ▓▓▓▓▓▓▓▓▓▓▓▓▓▓▓░ 99.3% (2305/2313)
iOS Bundled 5300ms node_modules\expo-router\entry.js (2327 modules)
 LOG  YouTube lesson content {"embedUrl": "https://www.youtube.com/embed/PkZNo7MFNFg?playsinline=1&rel=0&modestbranding=1", "extractedVideoId": "PkZNo7MFNFg", "storedUrl": "https://youtu.be/PkZNo7MFNFg?si=vZunRVsYXX5MyZ3Y", "storedVideoId": "PkZNo7MFNFg", "title": "Learn Javascript"}
 LOG  YouTube lesson content {"embedUrl": "https://www.youtube.com/embed/PkZNo7MFNFg?playsinline=1&rel=0&modestbranding=1", "extractedVideoId": "PkZNo7MFNFg", "storedUrl": "https://youtu.be/PkZNo7MFNFg?si=vZunRVsYXX5MyZ3Y", "storedVideoId": "PkZNo7MFNFg", "title": "Learn Javascript"}
 LOG  YouTube lesson content {"embedUrl": "https://www.youtube.com/embed/PkZNo7MFNFg?playsinline=1&rel=0&modestbranding=1", "extractedVideoId": "PkZNo7MFNFg", "storedUrl": "https://youtu.be/PkZNo7MFNFg?si=vZunRVsYXX5MyZ3Y", "storedVideoId": "PkZNo7MFNFg", "title": "Learn Javascript"}
 LOG  YouTube lesson content {"embedUrl": "https://www.youtube.com/embed/PkZNo7MFNFg?playsinline=1&rel=0&modestbranding=1", "extractedVideoId": "PkZNo7MFNFg", "storedUrl": "https://youtu.be/PkZNo7MFNFg?si=vZunRVsYXX5MyZ3Y", "storedVideoId": "PkZNo7MFNFg", "title": "Learn Javascript"}
 LOG  YouTube lesson content {"embedUrl": "https://www.youtube.com/embed/PkZNo7MFNFg?playsinline=1&rel=0&modestbranding=1", "extractedVideoId": "PkZNo7MFNFg", "storedUrl": "https://youtu.be/PkZNo7MFNFg?si=vZunRVsYXX5MyZ3Y", "storedVideoId": "PkZNo7MFNFg", "title": "Learn Javascript"}
