[debug] [2026-09-27T08:16:40.082Z] ----------------------------------------------------------------------
[debug] [2026-09-27T08:16:40.085Z] Command:       C:\Program Files\nodejs\node.exe C:\Users\amaya\AppData\Local\npm-cache\_npx\7750544ccf494d8b\node_modules\firebase-tools\lib\bin\firebase.js deploy --only functions --project concise-kayak-468613-m9
[debug] [2026-09-27T08:16:40.086Z] CLI Version:   15.31.0
[debug] [2026-09-27T08:16:40.086Z] Platform:      win32
[debug] [2026-09-27T08:16:40.087Z] Node Version:  v22.19.0
[debug] [2026-09-27T08:16:40.088Z] Detected Agent: codex_cli
[debug] [2026-09-27T08:16:40.088Z] Time:          Sun Sep 27 2026 13:46:40 GMT+0530 (India Standard Time)
[debug] [2026-09-27T08:16:40.088Z] ----------------------------------------------------------------------
[debug] 
[debug] [2026-09-27T08:16:41.518Z] > command requires scopes: ["email","openid","https://www.googleapis.com/auth/cloudplatformprojects.readonly","https://www.googleapis.com/auth/firebase","https://www.googleapis.com/auth/cloud-platform"]
[debug] [2026-09-27T08:16:41.519Z] > authorizing via signed-in user (amayahiruni2002@gmail.com)
[debug] [2026-09-27T08:16:41.519Z] [iam] checking project concise-kayak-468613-m9 for permissions ["cloudfunctions.functions.create","cloudfunctions.functions.delete","cloudfunctions.functions.get","cloudfunctions.functions.list","cloudfunctions.functions.update","cloudfunctions.operations.get","firebase.projects.get"]
[debug] [2026-09-27T08:16:41.530Z] Checked if tokens are valid: true, expires at: 1790498931110
[debug] [2026-09-27T08:16:41.531Z] Checked if tokens are valid: true, expires at: 1790498931110
[debug] [2026-09-27T08:16:41.532Z] >>> [apiv2][query] POST https://cloudresourcemanager.googleapis.com/v1/projects/concise-kayak-468613-m9:testIamPermissions [none]
[debug] [2026-09-27T08:16:41.532Z] >>> [apiv2][(partial)header] POST https://cloudresourcemanager.googleapis.com/v1/projects/concise-kayak-468613-m9:testIamPermissions  x-goog-user-project=concise-kayak-468613-m9
[debug] [2026-09-27T08:16:41.532Z] >>> [apiv2][body] POST https://cloudresourcemanager.googleapis.com/v1/projects/concise-kayak-468613-m9:testIamPermissions {"permissions":["cloudfunctions.functions.create","cloudfunctions.functions.delete","cloudfunctions.functions.get","cloudfunctions.functions.list","cloudfunctions.functions.update","cloudfunctions.operations.get","firebase.projects.get"]}
[debug] [2026-09-27T08:16:52.124Z] *** [apiv2] error from fetch(https://cloudresourcemanager.googleapis.com/v1/projects/concise-kayak-468613-m9:testIamPermissions, {"headers":{},"method":"POST","body":"{\"permissions\":[\"cloudfunctions.functions.create\",\"cloudfunctions.functions.delete\",\"cloudfunctions.functions.get\",\"cloudfunctions.functions.list\",\"cloudfunctions.functions.update\",\"cloudfunctions.operations.get\",\"firebase.projects.get\"]}"}): ConnectTimeoutError: Connect Timeout Error (attempted addresses: 2404:6800:4007:817::200a:443, 172.217.24.138:443, 2404:6800:4007:80f::200a:443, 142.251.222.170:443, 2404:6800:4007:810::200a:443, 142.251.43.202:443, 2404:6800:4007:83d::200a:443, 142.250.77.106:443, 142.250.193.170:443, 142.250.205.106:443, 142.250.182.74:443, 172.217.24.170:443, 142.250.66.10:443, 142.250.77.138:443, 142.250.205.42:443, 142.251.221.106:443, 142.251.43.74:443, 142.250.183.138:443, 172.217.24.202:443, 142.251.222.202:443, timeout: 10000ms)
[debug] [2026-09-27T08:16:52.126Z] [iam] error while checking permissions, command may fail: Failed to make request to https://cloudresourcemanager.googleapis.com/v1/projects/concise-kayak-468613-m9:testIamPermissions
[debug] [2026-09-27T08:16:52.128Z] Checked if tokens are valid: true, expires at: 1790498931110
[debug] [2026-09-27T08:16:52.128Z] Checked if tokens are valid: true, expires at: 1790498931110
[debug] [2026-09-27T08:16:52.129Z] >>> [apiv2][query] POST https://iam.googleapis.com/v1/projects/concise-kayak-468613-m9/serviceAccounts/concise-kayak-468613-m9@appspot.gserviceaccount.com:testIamPermissions [none]
[debug] [2026-09-27T08:16:52.129Z] >>> [apiv2][body] POST https://iam.googleapis.com/v1/projects/concise-kayak-468613-m9/serviceAccounts/concise-kayak-468613-m9@appspot.gserviceaccount.com:testIamPermissions {"permissions":["iam.serviceAccounts.actAs"]}
[debug] [2026-09-27T08:17:02.261Z] <<< [apiv2][status] POST https://iam.googleapis.com/v1/projects/concise-kayak-468613-m9/serviceAccounts/concise-kayak-468613-m9@appspot.gserviceaccount.com:testIamPermissions 404
[debug] [2026-09-27T08:17:02.261Z] <<< [apiv2][body] POST https://iam.googleapis.com/v1/projects/concise-kayak-468613-m9/serviceAccounts/concise-kayak-468613-m9@appspot.gserviceaccount.com:testIamPermissions {"error":{"code":404,"message":"Unknown service account","status":"NOT_FOUND"}}
[debug] [2026-09-27T08:17:02.261Z] [functions] service account IAM check errored, deploy may fail: Request to https://iam.googleapis.com/v1/projects/concise-kayak-468613-m9/serviceAccounts/concise-kayak-468613-m9@appspot.gserviceaccount.com:testIamPermissions had HTTP Error: 404, Unknown service account {"name":"FirebaseError","children":[],"context":{"body":{"error":{"code":404,"message":"Unknown service account","status":"NOT_FOUND"}},"response":{"statusCode":404}},"exit":1,"message":"Request to https://iam.googleapis.com/v1/projects/concise-kayak-468613-m9/serviceAccounts/concise-kayak-468613-m9@appspot.gserviceaccount.com:testIamPermissions had HTTP Error: 404, Unknown service account","status":404}
[info] 
[info] === Deploying to 'concise-kayak-468613-m9'...
[info] 
[info] i  deploying functions 
[info] Running command: npm --prefix "$RESOURCE_DIR" run build
[info] +  functions: Finished running predeploy script. 
[debug] [2026-09-27T08:17:04.681Z] Checked if tokens are valid: true, expires at: 1790498931110
[debug] [2026-09-27T08:17:04.681Z] Checked if tokens are valid: true, expires at: 1790498931110
[debug] [2026-09-27T08:17:04.681Z] >>> [apiv2][query] GET https://cloudresourcemanager.googleapis.com/v1/projects/concise-kayak-468613-m9 [none]
[debug] [2026-09-27T08:17:08.185Z] <<< [apiv2][status] GET https://cloudresourcemanager.googleapis.com/v1/projects/concise-kayak-468613-m9 200
[debug] [2026-09-27T08:17:08.185Z] <<< [apiv2][body] GET https://cloudresourcemanager.googleapis.com/v1/projects/concise-kayak-468613-m9 {"projectNumber":"648874084547","projectId":"concise-kayak-468613-m9","lifecycleState":"ACTIVE","name":"SkillBridge-App","labels":{"firebase":"enabled","firebase-core":"disabled"},"createTime":"2025-08-10T13:43:07.648446Z"}
[info] i  functions: preparing codebase default for deployment 
[info] i  functions: ensuring required API cloudfunctions.googleapis.com is enabled... 
[info] i  functions: ensuring required API cloudbuild.googleapis.com is enabled... 
[info] i  artifactregistry: ensuring required API artifactregistry.googleapis.com is enabled... 
[debug] [2026-09-27T08:17:08.189Z] Checked if tokens are valid: true, expires at: 1790498931110
[debug] [2026-09-27T08:17:08.189Z] Checked if tokens are valid: true, expires at: 1790498931110
[debug] [2026-09-27T08:17:08.189Z] >>> [apiv2][query] GET https://firebase.googleapis.com/v1beta1/projects/concise-kayak-468613-m9/adminSdkConfig [none]
[debug] [2026-09-27T08:17:09.211Z] <<< [apiv2][status] GET https://firebase.googleapis.com/v1beta1/projects/concise-kayak-468613-m9/adminSdkConfig 200
[debug] [2026-09-27T08:17:09.212Z] <<< [apiv2][body] GET https://firebase.googleapis.com/v1beta1/projects/concise-kayak-468613-m9/adminSdkConfig {"projectId":"concise-kayak-468613-m9","storageBucket":"concise-kayak-468613-m9.firebasestorage.app"}
[debug] [2026-09-27T08:17:09.215Z] Checked if tokens are valid: true, expires at: 1790498931110
[debug] [2026-09-27T08:17:09.215Z] Checked if tokens are valid: true, expires at: 1790498931110
[debug] [2026-09-27T08:17:09.216Z] >>> [apiv2][query] GET https://runtimeconfig.googleapis.com/v1beta1/projects/concise-kayak-468613-m9/configs [none]
[debug] [2026-09-27T08:17:10.783Z] <<< [apiv2][status] GET https://runtimeconfig.googleapis.com/v1beta1/projects/concise-kayak-468613-m9/configs 200
[debug] [2026-09-27T08:17:10.784Z] <<< [apiv2][body] GET https://runtimeconfig.googleapis.com/v1beta1/projects/concise-kayak-468613-m9/configs {}
[debug] [2026-09-27T08:17:10.788Z] Validating nodejs source
[warn] !  functions: Runtime Node.js 20 was deprecated on 2026-04-30 and will be decommissioned on 2026-10-30, after which you will not be able to deploy without upgrading. Consider upgrading now to avoid disruption. See https://cloud.google.com/functions/docs/runtime-support for full details on the lifecycle policy 
[warn] !  functions: package.json indicates an outdated version of firebase-functions. Please upgrade using npm install --save firebase-functions@latest in your functions directory. 
[warn] !  functions: Please note that there will be breaking changes when you upgrade. 
[debug] [2026-09-27T08:17:12.136Z] > [functions] package.json contents: {
  "name": "skillbridge-functions",
  "private": true,
  "main": "lib/index.js",
  "engines": {
    "node": "20"
  },
  "scripts": {
    "build": "tsc",
    "lint": "eslint src --ext .ts"
  },
  "dependencies": {
    "firebase-admin": "^13.5.0",
    "firebase-functions": "^6.6.0",
    "livekit-server-sdk": "^2.14.0"
  },
  "devDependencies": {
    "typescript": "^5.9.2"
  }
}
[debug] [2026-09-27T08:17:12.136Z] Building nodejs source
[info] i  functions: Loading and analyzing source code for codebase default to determine what to deploy 
[debug] [2026-09-27T08:17:12.137Z] Could not find functions.yaml. Must use http discovery
[debug] [2026-09-27T08:17:12.148Z] Found firebase-functions binary at 'C:\Users\amaya\Desktop\SkillBridge\SkillBridge\mobile\functions\node_modules\.bin\firebase-functions'
[info] Serving at port 8420

[debug] [2026-09-27T08:17:12.750Z] Got response from /__/functions.yaml {"endpoints":{"createLiveKitToken":{"availableMemoryMb":null,"timeoutSeconds":null,"minInstances":null,"maxInstances":null,"ingressSettings":null,"concurrency":null,"serviceAccountEmail":null,"vpc":null,"platform":"gcfv2","region":["us-central1"],"secretEnvironmentVariables":[{"key":"LIVEKIT_URL"},{"key":"LIVEKIT_API_KEY"},{"key":"LIVEKIT_API_SECRET"}],"labels":{},"callableTrigger":{},"entryPoint":"createLiveKitToken"}},"specVersion":"v1alpha1","requiredAPIs":[],"extensions":{},"params":[{"type":"secret","name":"LIVEKIT_URL"},{"type":"secret","name":"LIVEKIT_API_KEY"},{"type":"secret","name":"LIVEKIT_API_SECRET"}]}
[debug] [2026-09-27T08:17:15.811Z] Checked if tokens are valid: true, expires at: 1790498931110
[debug] [2026-09-27T08:17:15.811Z] Checked if tokens are valid: true, expires at: 1790498931110
[debug] [2026-09-27T08:17:15.812Z] >>> [apiv2][query] GET https://cloudfunctions.googleapis.com/v1/projects/concise-kayak-468613-m9/locations/-/functions [none]
[debug] [2026-09-27T08:17:16.886Z] <<< [apiv2][status] GET https://cloudfunctions.googleapis.com/v1/projects/concise-kayak-468613-m9/locations/-/functions 200
[debug] [2026-09-27T08:17:16.887Z] <<< [apiv2][body] GET https://cloudfunctions.googleapis.com/v1/projects/concise-kayak-468613-m9/locations/-/functions {}
[debug] [2026-09-27T08:17:16.887Z] Checked if tokens are valid: true, expires at: 1790498931110
[debug] [2026-09-27T08:17:16.887Z] Checked if tokens are valid: true, expires at: 1790498931110
[debug] [2026-09-27T08:17:16.887Z] >>> [apiv2][query] GET https://cloudfunctions.googleapis.com/v2/projects/concise-kayak-468613-m9/locations/-/functions filter=environment%3D%22GEN_2%22
[debug] [2026-09-27T08:17:18.568Z] <<< [apiv2][status] GET https://cloudfunctions.googleapis.com/v2/projects/concise-kayak-468613-m9/locations/-/functions 200
[debug] [2026-09-27T08:17:18.568Z] <<< [apiv2][body] GET https://cloudfunctions.googleapis.com/v2/projects/concise-kayak-468613-m9/locations/-/functions {}
[info] i  extensions: ensuring required API firebaseextensions.googleapis.com is enabled... 
[debug] [2026-09-27T08:17:18.576Z] > command requires scopes: ["email","openid","https://www.googleapis.com/auth/cloudplatformprojects.readonly","https://www.googleapis.com/auth/firebase","https://www.googleapis.com/auth/cloud-platform"]
[debug] [2026-09-27T08:17:18.577Z] > authorizing via signed-in user (amayahiruni2002@gmail.com)
[debug] [2026-09-27T08:17:18.577Z] [iam] checking project concise-kayak-468613-m9 for permissions ["firebase.projects.get","firebaseextensions.instances.list"]
[debug] [2026-09-27T08:17:18.577Z] Checked if tokens are valid: true, expires at: 1790498931110
[debug] [2026-09-27T08:17:18.577Z] Checked if tokens are valid: true, expires at: 1790498931110
[debug] [2026-09-27T08:17:18.578Z] >>> [apiv2][query] POST https://cloudresourcemanager.googleapis.com/v1/projects/concise-kayak-468613-m9:testIamPermissions [none]
[debug] [2026-09-27T08:17:18.579Z] >>> [apiv2][(partial)header] POST https://cloudresourcemanager.googleapis.com/v1/projects/concise-kayak-468613-m9:testIamPermissions  x-goog-user-project=concise-kayak-468613-m9
[debug] [2026-09-27T08:17:18.580Z] >>> [apiv2][body] POST https://cloudresourcemanager.googleapis.com/v1/projects/concise-kayak-468613-m9:testIamPermissions {"permissions":["firebase.projects.get","firebaseextensions.instances.list"]}
[debug] [2026-09-27T08:17:20.011Z] <<< [apiv2][status] POST https://cloudresourcemanager.googleapis.com/v1/projects/concise-kayak-468613-m9:testIamPermissions 200
[debug] [2026-09-27T08:17:20.011Z] <<< [apiv2][body] POST https://cloudresourcemanager.googleapis.com/v1/projects/concise-kayak-468613-m9:testIamPermissions {"permissions":["firebase.projects.get","firebaseextensions.instances.list"]}
[debug] [2026-09-27T08:17:20.011Z] Checked if tokens are valid: true, expires at: 1790498931110
[debug] [2026-09-27T08:17:20.012Z] Checked if tokens are valid: true, expires at: 1790498931110
[debug] [2026-09-27T08:17:20.012Z] >>> [apiv2][query] GET https://firebaseextensions.googleapis.com/v1beta/projects/concise-kayak-468613-m9/instances pageSize=100&pageToken=
[debug] [2026-09-27T08:17:21.928Z] <<< [apiv2][status] GET https://firebaseextensions.googleapis.com/v1beta/projects/concise-kayak-468613-m9/instances 200
[debug] [2026-09-27T08:17:21.929Z] <<< [apiv2][body] GET https://firebaseextensions.googleapis.com/v1beta/projects/concise-kayak-468613-m9/instances {}
[debug] [2026-09-27T08:17:21.933Z] Attempting to merge .env secret bindings {} into declared secrets...)}
[debug] [2026-09-27T08:17:21.933Z] createLiveKitToken declared secrets: [{"key":"LIVEKIT_URL","secret":"LIVEKIT_URL","projectId":"concise-kayak-468613-m9"},{"key":"LIVEKIT_API_KEY","secret":"LIVEKIT_API_KEY","projectId":"concise-kayak-468613-m9"},{"key":"LIVEKIT_API_SECRET","secret":"LIVEKIT_API_SECRET","projectId":"concise-kayak-468613-m9"}]
[debug] [2026-09-27T08:17:21.937Z] Checked if tokens are valid: true, expires at: 1790498931110
[debug] [2026-09-27T08:17:21.937Z] Checked if tokens are valid: true, expires at: 1790498931110
[debug] [2026-09-27T08:17:21.938Z] >>> [apiv2][query] GET https://secretmanager.googleapis.com/v1/projects/concise-kayak-468613-m9/secrets/LIVEKIT_URL [none]
[debug] [2026-09-27T08:17:22.660Z] <<< [apiv2][status] GET https://secretmanager.googleapis.com/v1/projects/concise-kayak-468613-m9/secrets/LIVEKIT_URL 200
[debug] [2026-09-27T08:17:22.661Z] <<< [apiv2][body] GET https://secretmanager.googleapis.com/v1/projects/concise-kayak-468613-m9/secrets/LIVEKIT_URL {"name":"projects/648874084547/secrets/LIVEKIT_URL","replication":{"automatic":{}},"createTime":"2026-09-27T07:48:55.242837Z","labels":{"firebase-managed":"functions"},"etag":"\"165c722e888b9c\""}
[debug] [2026-09-27T08:17:22.663Z] Checked if tokens are valid: true, expires at: 1790498931110
[debug] [2026-09-27T08:17:22.664Z] Checked if tokens are valid: true, expires at: 1790498931110
[debug] [2026-09-27T08:17:22.664Z] >>> [apiv2][query] GET https://secretmanager.googleapis.com/v1/projects/concise-kayak-468613-m9/secrets/LIVEKIT_URL/versions/latest [none]
[debug] [2026-09-27T08:17:23.175Z] <<< [apiv2][status] GET https://secretmanager.googleapis.com/v1/projects/concise-kayak-468613-m9/secrets/LIVEKIT_URL/versions/latest 200
[debug] [2026-09-27T08:17:23.176Z] <<< [apiv2][body] GET https://secretmanager.googleapis.com/v1/projects/concise-kayak-468613-m9/secrets/LIVEKIT_URL/versions/latest {"name":"projects/648874084547/secrets/LIVEKIT_URL/versions/1","createTime":"2026-09-27T07:49:29.068241Z","state":"ENABLED","replicationStatus":{"automatic":{}},"etag":"\"165c723071fed1\""}
[debug] [2026-09-27T08:17:23.178Z] Checked if tokens are valid: true, expires at: 1790498931110
[debug] [2026-09-27T08:17:23.179Z] Checked if tokens are valid: true, expires at: 1790498931110
[debug] [2026-09-27T08:17:23.179Z] >>> [apiv2][query] GET https://secretmanager.googleapis.com/v1/projects/concise-kayak-468613-m9/secrets/LIVEKIT_API_KEY [none]
[debug] [2026-09-27T08:17:23.609Z] <<< [apiv2][status] GET https://secretmanager.googleapis.com/v1/projects/concise-kayak-468613-m9/secrets/LIVEKIT_API_KEY 200
[debug] [2026-09-27T08:17:23.610Z] <<< [apiv2][body] GET https://secretmanager.googleapis.com/v1/projects/concise-kayak-468613-m9/secrets/LIVEKIT_API_KEY {"name":"projects/648874084547/secrets/LIVEKIT_API_KEY","replication":{"automatic":{}},"createTime":"2026-09-27T07:50:01.294961Z","labels":{"firebase-managed":"functions"},"etag":"\"165c72326c4cb4\""}
[debug] [2026-09-27T08:17:23.611Z] Checked if tokens are valid: true, expires at: 1790498931110
[debug] [2026-09-27T08:17:23.612Z] Checked if tokens are valid: true, expires at: 1790498931110
[debug] [2026-09-27T08:17:23.612Z] >>> [apiv2][query] GET https://secretmanager.googleapis.com/v1/projects/concise-kayak-468613-m9/secrets/LIVEKIT_API_KEY/versions/latest [none]
[debug] [2026-09-27T08:17:24.051Z] <<< [apiv2][status] GET https://secretmanager.googleapis.com/v1/projects/concise-kayak-468613-m9/secrets/LIVEKIT_API_KEY/versions/latest 200
[debug] [2026-09-27T08:17:24.052Z] <<< [apiv2][body] GET https://secretmanager.googleapis.com/v1/projects/concise-kayak-468613-m9/secrets/LIVEKIT_API_KEY/versions/latest {"name":"projects/648874084547/secrets/LIVEKIT_API_KEY/versions/1","createTime":"2026-09-27T07:50:15.967697Z","state":"ENABLED","replicationStatus":{"automatic":{}},"etag":"\"165c72333d9fd1\""}
[debug] [2026-09-27T08:17:24.054Z] Checked if tokens are valid: true, expires at: 1790498931110
[debug] [2026-09-27T08:17:24.054Z] Checked if tokens are valid: true, expires at: 1790498931110
[debug] [2026-09-27T08:17:24.054Z] >>> [apiv2][query] GET https://secretmanager.googleapis.com/v1/projects/concise-kayak-468613-m9/secrets/LIVEKIT_API_SECRET [none]
[debug] [2026-09-27T08:17:24.497Z] <<< [apiv2][status] GET https://secretmanager.googleapis.com/v1/projects/concise-kayak-468613-m9/secrets/LIVEKIT_API_SECRET 200
[debug] [2026-09-27T08:17:24.499Z] <<< [apiv2][body] GET https://secretmanager.googleapis.com/v1/projects/concise-kayak-468613-m9/secrets/LIVEKIT_API_SECRET {"name":"projects/648874084547/secrets/LIVEKIT_API_SECRET","replication":{"automatic":{}},"createTime":"2026-09-27T07:50:37.702648Z","labels":{"firebase-managed":"functions"},"etag":"\"165c723497c3fb\""}
[debug] [2026-09-27T08:17:24.499Z] Checked if tokens are valid: true, expires at: 1790498931110
[debug] [2026-09-27T08:17:24.500Z] Checked if tokens are valid: true, expires at: 1790498931110
[debug] [2026-09-27T08:17:24.500Z] >>> [apiv2][query] GET https://secretmanager.googleapis.com/v1/projects/concise-kayak-468613-m9/secrets/LIVEKIT_API_SECRET/versions/latest [none]
[debug] [2026-09-27T08:17:24.857Z] <<< [apiv2][status] GET https://secretmanager.googleapis.com/v1/projects/concise-kayak-468613-m9/secrets/LIVEKIT_API_SECRET/versions/latest 200
[debug] [2026-09-27T08:17:24.857Z] <<< [apiv2][body] GET https://secretmanager.googleapis.com/v1/projects/concise-kayak-468613-m9/secrets/LIVEKIT_API_SECRET/versions/latest {"name":"projects/648874084547/secrets/LIVEKIT_API_SECRET/versions/1","createTime":"2026-09-27T07:50:47.222307Z","state":"ENABLED","replicationStatus":{"automatic":{}},"etag":"\"165c72351a8823\""}
[info] i  functions: preparing functions directory for uploading... 
[info] i  functions: packaged C:\Users\amaya\Desktop\SkillBridge\SkillBridge\mobile\functions (36.27 KB) for uploading 
[info] i  functions: ensuring required API run.googleapis.com is enabled... 
[info] i  functions: ensuring required API eventarc.googleapis.com is enabled... 
[info] i  functions: ensuring required API pubsub.googleapis.com is enabled... 
[info] i  functions: ensuring required API storage.googleapis.com is enabled... 
[info] i  functions: generating the service identity for pubsub.googleapis.com... 
[debug] [2026-09-27T08:17:24.969Z] Checked if tokens are valid: true, expires at: 1790498931110
[debug] [2026-09-27T08:17:24.969Z] Checked if tokens are valid: true, expires at: 1790498931110
[info] i  functions: generating the service identity for eventarc.googleapis.com... 
[debug] [2026-09-27T08:17:24.969Z] Checked if tokens are valid: true, expires at: 1790498931110
[debug] [2026-09-27T08:17:24.969Z] Checked if tokens are valid: true, expires at: 1790498931110
[debug] [2026-09-27T08:17:24.970Z] >>> [apiv2][query] POST https://serviceusage.googleapis.com/v1beta1/projects/648874084547/services/pubsub.googleapis.com:generateServiceIdentity [none]
[debug] [2026-09-27T08:17:24.970Z] >>> [apiv2][(partial)header] POST https://serviceusage.googleapis.com/v1beta1/projects/648874084547/services/pubsub.googleapis.com:generateServiceIdentity  x-goog-user-project=648874084547
[debug] [2026-09-27T08:17:24.970Z] >>> [apiv2][body] POST https://serviceusage.googleapis.com/v1beta1/projects/648874084547/services/pubsub.googleapis.com:generateServiceIdentity {}
[debug] [2026-09-27T08:17:24.970Z] >>> [apiv2][query] POST https://serviceusage.googleapis.com/v1beta1/projects/648874084547/services/eventarc.googleapis.com:generateServiceIdentity [none]
[debug] [2026-09-27T08:17:24.971Z] >>> [apiv2][(partial)header] POST https://serviceusage.googleapis.com/v1beta1/projects/648874084547/services/eventarc.googleapis.com:generateServiceIdentity  x-goog-user-project=648874084547
[debug] [2026-09-27T08:17:24.971Z] >>> [apiv2][body] POST https://serviceusage.googleapis.com/v1beta1/projects/648874084547/services/eventarc.googleapis.com:generateServiceIdentity {}
[debug] [2026-09-27T08:17:26.865Z] <<< [apiv2][status] POST https://serviceusage.googleapis.com/v1beta1/projects/648874084547/services/eventarc.googleapis.com:generateServiceIdentity 200
[debug] [2026-09-27T08:17:26.866Z] <<< [apiv2][body] POST https://serviceusage.googleapis.com/v1beta1/projects/648874084547/services/eventarc.googleapis.com:generateServiceIdentity {"name":"operations/finished.DONE_OPERATION","done":true,"response":{"@type":"type.googleapis.com/google.api.serviceusage.v1beta1.ServiceIdentity","email":"service-648874084547@gcp-sa-eventarc.iam.gserviceaccount.com","uniqueId":"115383101529061776862"}}
[debug] [2026-09-27T08:17:26.874Z] <<< [apiv2][status] POST https://serviceusage.googleapis.com/v1beta1/projects/648874084547/services/pubsub.googleapis.com:generateServiceIdentity 200
[debug] [2026-09-27T08:17:26.875Z] <<< [apiv2][body] POST https://serviceusage.googleapis.com/v1beta1/projects/648874084547/services/pubsub.googleapis.com:generateServiceIdentity {"name":"operations/finished.DONE_OPERATION","done":true,"response":{"@type":"type.googleapis.com/google.api.serviceusage.v1beta1.ServiceIdentity","email":"service-648874084547@gcp-sa-pubsub.iam.gserviceaccount.com","uniqueId":"115353361396498744827"}}
[info] i  functions: ensuring required API secretmanager.googleapis.com is enabled... 
[debug] [2026-09-27T08:17:26.888Z] Checked if tokens are valid: true, expires at: 1790498931110
[debug] [2026-09-27T08:17:26.888Z] Checked if tokens are valid: true, expires at: 1790498931110
[debug] [2026-09-27T08:17:26.889Z] Checked if tokens are valid: true, expires at: 1790498931110
[debug] [2026-09-27T08:17:26.889Z] Checked if tokens are valid: true, expires at: 1790498931110
[debug] [2026-09-27T08:17:26.889Z] Checked if tokens are valid: true, expires at: 1790498931110
[debug] [2026-09-27T08:17:26.889Z] Checked if tokens are valid: true, expires at: 1790498931110
[debug] [2026-09-27T08:17:26.890Z] >>> [apiv2][query] GET https://secretmanager.googleapis.com/v1/projects/concise-kayak-468613-m9/secrets/LIVEKIT_URL/versions/latest [none]
[debug] [2026-09-27T08:17:26.894Z] >>> [apiv2][query] GET https://secretmanager.googleapis.com/v1/projects/concise-kayak-468613-m9/secrets/LIVEKIT_API_KEY/versions/latest [none]
[debug] [2026-09-27T08:17:26.903Z] >>> [apiv2][query] GET https://secretmanager.googleapis.com/v1/projects/concise-kayak-468613-m9/secrets/LIVEKIT_API_SECRET/versions/latest [none]
[debug] [2026-09-27T08:17:27.369Z] <<< [apiv2][status] GET https://secretmanager.googleapis.com/v1/projects/concise-kayak-468613-m9/secrets/LIVEKIT_URL/versions/latest 200
[debug] [2026-09-27T08:17:27.369Z] <<< [apiv2][body] GET https://secretmanager.googleapis.com/v1/projects/concise-kayak-468613-m9/secrets/LIVEKIT_URL/versions/latest {"name":"projects/648874084547/secrets/LIVEKIT_URL/versions/1","createTime":"2026-09-27T07:49:29.068241Z","state":"ENABLED","replicationStatus":{"automatic":{}},"etag":"\"165c723071fed1\""}
[debug] [2026-09-27T08:17:27.370Z] Resolved latest secret version of LIVEKIT_URL to 1.
[debug] [2026-09-27T08:17:27.379Z] <<< [apiv2][status] GET https://secretmanager.googleapis.com/v1/projects/concise-kayak-468613-m9/secrets/LIVEKIT_API_KEY/versions/latest 200
[debug] [2026-09-27T08:17:27.380Z] <<< [apiv2][body] GET https://secretmanager.googleapis.com/v1/projects/concise-kayak-468613-m9/secrets/LIVEKIT_API_KEY/versions/latest {"name":"projects/648874084547/secrets/LIVEKIT_API_KEY/versions/1","createTime":"2026-09-27T07:50:15.967697Z","state":"ENABLED","replicationStatus":{"automatic":{}},"etag":"\"165c72333d9fd1\""}
[debug] [2026-09-27T08:17:27.381Z] Resolved latest secret version of LIVEKIT_API_KEY to 1.
[debug] [2026-09-27T08:17:27.407Z] <<< [apiv2][status] GET https://secretmanager.googleapis.com/v1/projects/concise-kayak-468613-m9/secrets/LIVEKIT_API_SECRET/versions/latest 200
[debug] [2026-09-27T08:17:27.408Z] <<< [apiv2][body] GET https://secretmanager.googleapis.com/v1/projects/concise-kayak-468613-m9/secrets/LIVEKIT_API_SECRET/versions/latest {"name":"projects/648874084547/secrets/LIVEKIT_API_SECRET/versions/1","createTime":"2026-09-27T07:50:47.222307Z","state":"ENABLED","replicationStatus":{"automatic":{}},"etag":"\"165c72351a8823\""}
[debug] [2026-09-27T08:17:27.408Z] Resolved latest secret version of LIVEKIT_API_SECRET to 1.
[debug] [2026-09-27T08:17:27.418Z] Checked if tokens are valid: true, expires at: 1790498931110
[debug] [2026-09-27T08:17:27.418Z] Checked if tokens are valid: true, expires at: 1790498931110
[debug] [2026-09-27T08:17:27.418Z] >>> [apiv2][query] GET https://cloudbilling.googleapis.com/v1/projects/concise-kayak-468613-m9/billingInfo [none]
[debug] [2026-09-27T08:17:27.418Z] >>> [apiv2][(partial)header] GET https://cloudbilling.googleapis.com/v1/projects/concise-kayak-468613-m9/billingInfo  x-goog-user-project=concise-kayak-468613-m9
[debug] [2026-09-27T08:17:29.028Z] <<< [apiv2][status] GET https://cloudbilling.googleapis.com/v1/projects/concise-kayak-468613-m9/billingInfo 200
[debug] [2026-09-27T08:17:29.029Z] <<< [apiv2][body] GET https://cloudbilling.googleapis.com/v1/projects/concise-kayak-468613-m9/billingInfo {"name":"projects/concise-kayak-468613-m9/billingInfo","projectId":"concise-kayak-468613-m9","billingAccountName":"billingAccounts/01AE55-EFAD03-B370E0","billingEnabled":true}
[debug] [2026-09-27T08:17:29.036Z] Checked if tokens are valid: true, expires at: 1790498931110
[debug] [2026-09-27T08:17:29.036Z] Checked if tokens are valid: true, expires at: 1790498931110
[debug] [2026-09-27T08:17:29.037Z] >>> [apiv2][query] POST https://cloudfunctions.googleapis.com/v2/projects/concise-kayak-468613-m9/locations/us-central1/functions:generateUploadUrl [none]
[debug] [2026-09-27T08:17:30.799Z] <<< [apiv2][status] POST https://cloudfunctions.googleapis.com/v2/projects/concise-kayak-468613-m9/locations/us-central1/functions:generateUploadUrl 200
[debug] [2026-09-27T08:17:30.800Z] <<< [apiv2][body] POST https://cloudfunctions.googleapis.com/v2/projects/concise-kayak-468613-m9/locations/us-central1/functions:generateUploadUrl {"uploadUrl":"https://storage.googleapis.com/gcf-v2-uploads-648874084547.us-central1.cloudfunctions.appspot.com/53d29bd1-4ed2-4491-9e29-e3867c63be23.zip?GoogleAccessId=service-648874084547@gcf-admin-robot.iam.gserviceaccount.com&Expires=1790498850&Signature=HRtqZMyP4PYWfRznhSo2ZZETKKw3f5GBiFitX6Gwk97QJnH8PwQPWn2lFa8iMA4t%2F01AdnsNMcglDK%2BnSlwaxnGpkTMOmI7HcUKgVDevLAymfvftof11PATmnSq8NEfWQ%2BSCD7eLsenaV0L0GhAGGQVekdnuzjI5RfxufSuB27DB2mOklGmLkR%2F9FGraeNg%2Bznt4Rbs7kBAeODe%2FpjfbGXDOwixpWWJLWhgG8FUZl0Ex4BWvIc4WJMUkEgQA0u12WRJbGrywbwWEOQrnSCXK8AWUBD4W1uLoacjWewX56KQwgxKTSqPcCIseN2Ad4Fa6fUFPFhG1fLPATlTNj4Gy9w%3D%3D","storageSource":{"bucket":"gcf-v2-uploads-648874084547.us-central1.cloudfunctions.appspot.com","object":"53d29bd1-4ed2-4491-9e29-e3867c63be23.zip"}}
[debug] [2026-09-27T08:17:30.803Z] >>> [apiv2][query] PUT https://storage.googleapis.com/gcf-v2-uploads-648874084547.us-central1.cloudfunctions.appspot.com/53d29bd1-4ed2-4491-9e29-e3867c63be23.zip GoogleAccessId=service-648874084547%40gcf-admin-robot.iam.gserviceaccount.com&Expires=1790498850&Signature=HRtqZMyP4PYWfRznhSo2ZZETKKw3f5GBiFitX6Gwk97QJnH8PwQPWn2lFa8iMA4t%2F01AdnsNMcglDK%2BnSlwaxnGpkTMOmI7HcUKgVDevLAymfvftof11PATmnSq8NEfWQ%2BSCD7eLsenaV0L0GhAGGQVekdnuzjI5RfxufSuB27DB2mOklGmLkR%2F9FGraeNg%2Bznt4Rbs7kBAeODe%2FpjfbGXDOwixpWWJLWhgG8FUZl0Ex4BWvIc4WJMUkEgQA0u12WRJbGrywbwWEOQrnSCXK8AWUBD4W1uLoacjWewX56KQwgxKTSqPcCIseN2Ad4Fa6fUFPFhG1fLPATlTNj4Gy9w%3D%3D
[debug] [2026-09-27T08:17:30.804Z] >>> [apiv2][body] PUT https://storage.googleapis.com/gcf-v2-uploads-648874084547.us-central1.cloudfunctions.appspot.com/53d29bd1-4ed2-4491-9e29-e3867c63be23.zip [stream]
[debug] [2026-09-27T08:17:31.839Z] <<< [apiv2][status] PUT https://storage.googleapis.com/gcf-v2-uploads-648874084547.us-central1.cloudfunctions.appspot.com/53d29bd1-4ed2-4491-9e29-e3867c63be23.zip 200
[debug] [2026-09-27T08:17:31.840Z] <<< [apiv2][body] PUT https://storage.googleapis.com/gcf-v2-uploads-648874084547.us-central1.cloudfunctions.appspot.com/53d29bd1-4ed2-4491-9e29-e3867c63be23.zip [omitted]
[info] +  functions: functions source uploaded successfully 
[debug] [2026-09-27T08:17:31.855Z] Checked if tokens are valid: true, expires at: 1790498931110
[debug] [2026-09-27T08:17:31.856Z] Checked if tokens are valid: true, expires at: 1790498931110
[debug] [2026-09-27T08:17:31.857Z] >>> [apiv2][query] GET https://cloudresourcemanager.googleapis.com/v1/projects/concise-kayak-468613-m9 [none]
[debug] [2026-09-27T08:17:33.440Z] <<< [apiv2][status] GET https://cloudresourcemanager.googleapis.com/v1/projects/concise-kayak-468613-m9 200
[debug] [2026-09-27T08:17:33.441Z] <<< [apiv2][body] GET https://cloudresourcemanager.googleapis.com/v1/projects/concise-kayak-468613-m9 {"projectNumber":"648874084547","projectId":"concise-kayak-468613-m9","lifecycleState":"ACTIVE","name":"SkillBridge-App","labels":{"firebase":"enabled","firebase-core":"disabled"},"createTime":"2025-08-10T13:43:07.648446Z"}
[debug] [2026-09-27T08:17:33.442Z] Checked if tokens are valid: true, expires at: 1790498931110
[debug] [2026-09-27T08:17:33.442Z] Checked if tokens are valid: true, expires at: 1790498931110
[debug] [2026-09-27T08:17:33.443Z] >>> [apiv2][query] GET https://compute.googleapis.com/compute/v1/projects/648874084547 [none]
[debug] [2026-09-27T08:17:34.011Z] <<< [apiv2][status] GET https://compute.googleapis.com/compute/v1/projects/648874084547 403
[debug] [2026-09-27T08:17:34.011Z] <<< [apiv2][body] GET https://compute.googleapis.com/compute/v1/projects/648874084547 {"error":{"code":403,"message":"Compute Engine API has not been used in project 648874084547 before or it is disabled. Enable it by visiting https://console.developers.google.com/apis/api/compute.googleapis.com/overview?project=648874084547 then retry. If you enabled this API recently, wait a few minutes for the action to propagate to our systems and retry.","errors":[{"message":"Compute Engine API has not been used in project 648874084547 before or it is disabled. Enable it by visiting https://console.developers.google.com/apis/api/compute.googleapis.com/overview?project=648874084547 then retry. If you enabled this API recently, wait a few minutes for the action to propagate to our systems and retry.","domain":"usageLimits","reason":"accessNotConfigured","extendedHelp":"https://console.developers.google.com"}],"status":"PERMISSION_DENIED","details":[{"@type":"type.googleapis.com/google.rpc.ErrorInfo","reason":"SERVICE_DISABLED","domain":"googleapis.com","metadata":{"activationUrl":"https://console.developers.google.com/apis/api/compute.googleapis.com/overview?project=648874084547","service":"compute.googleapis.com","containerInfo":"648874084547","serviceTitle":"Compute Engine API","consumer":"projects/648874084547"}},{"@type":"type.googleapis.com/google.rpc.LocalizedMessage","locale":"en-US","message":"Compute Engine API has not been used in project 648874084547 before or it is disabled. Enable it by visiting https://console.developers.google.com/apis/api/compute.googleapis.com/overview?project=648874084547 then retry. If you enabled this API recently, wait a few minutes for the action to propagate to our systems and retry."},{"@type":"type.googleapis.com/google.rpc.Help","links":[{"description":"Google developers console API activation","url":"https://console.developers.google.com/apis/api/compute.googleapis.com/overview?project=648874084547"}]}]}}
[debug] [2026-09-27T08:17:34.011Z] unable to look up default compute service account. Falling back to 648874084547-compute@developer.gserviceaccount.com. Error: {"name":"FirebaseError","children":[],"context":{"body":{"error":{"code":403,"message":"Compute Engine API has not been used in project 648874084547 before or it is disabled. Enable it by visiting https://console.developers.google.com/apis/api/compute.googleapis.com/overview?project=648874084547 then retry. If you enabled this API recently, wait a few minutes for the action to propagate to our systems and retry.","errors":[{"message":"Compute Engine API has not been used in project 648874084547 before or it is disabled. Enable it by visiting https://console.developers.google.com/apis/api/compute.googleapis.com/overview?project=648874084547 then retry. If you enabled this API recently, wait a few minutes for the action to propagate to our systems and retry.","domain":"usageLimits","reason":"accessNotConfigured","extendedHelp":"https://console.developers.google.com"}],"status":"PERMISSION_DENIED","details":[{"@type":"type.googleapis.com/google.rpc.ErrorInfo","reason":"SERVICE_DISABLED","domain":"googleapis.com","metadata":{"activationUrl":"https://console.developers.google.com/apis/api/compute.googleapis.com/overview?project=648874084547","service":"compute.googleapis.com","containerInfo":"648874084547","serviceTitle":"Compute Engine API","consumer":"projects/648874084547"}},{"@type":"type.googleapis.com/google.rpc.LocalizedMessage","locale":"en-US","message":"Compute Engine API has not been used in project 648874084547 before or it is disabled. Enable it by visiting https://console.developers.google.com/apis/api/compute.googleapis.com/overview?project=648874084547 then retry. If you enabled this API recently, wait a few minutes for the action to propagate to our systems and retry."},{"@type":"type.googleapis.com/google.rpc.Help","links":[{"description":"Google developers console API activation","url":"https://console.developers.google.com/apis/api/compute.googleapis.com/overview?project=648874084547"}]}]}},"response":{"statusCode":403}},"exit":1,"message":"Request to https://compute.googleapis.com/compute/v1/projects/648874084547 had HTTP Error: 403, Compute Engine API has not been used in project 648874084547 before or it is disabled. Enable it by visiting https://console.developers.google.com/apis/api/compute.googleapis.com/overview?project=648874084547 then retry. If you enabled this API recently, wait a few minutes for the action to propagate to our systems and retry.","status":403}
[info] i  functions: ensuring 648874084547-compute@developer.gserviceaccount.com access to secret LIVEKIT_URL. 
[debug] [2026-09-27T08:17:34.017Z] Checked if tokens are valid: true, expires at: 1790498931110
[debug] [2026-09-27T08:17:34.017Z] Checked if tokens are valid: true, expires at: 1790498931110
[info] i  functions: ensuring 648874084547-compute@developer.gserviceaccount.com access to secret LIVEKIT_API_KEY. 
[debug] [2026-09-27T08:17:34.017Z] Checked if tokens are valid: true, expires at: 1790498931110
[debug] [2026-09-27T08:17:34.017Z] Checked if tokens are valid: true, expires at: 1790498931110
[info] i  functions: ensuring 648874084547-compute@developer.gserviceaccount.com access to secret LIVEKIT_API_SECRET. 
[debug] [2026-09-27T08:17:34.018Z] Checked if tokens are valid: true, expires at: 1790498931110
[debug] [2026-09-27T08:17:34.018Z] Checked if tokens are valid: true, expires at: 1790498931110
[debug] [2026-09-27T08:17:34.018Z] >>> [apiv2][query] GET https://secretmanager.googleapis.com/v1/projects/concise-kayak-468613-m9/secrets/LIVEKIT_URL:getIamPolicy [none]
[debug] [2026-09-27T08:17:34.019Z] >>> [apiv2][query] GET https://secretmanager.googleapis.com/v1/projects/concise-kayak-468613-m9/secrets/LIVEKIT_API_KEY:getIamPolicy [none]
[debug] [2026-09-27T08:17:34.020Z] >>> [apiv2][query] GET https://secretmanager.googleapis.com/v1/projects/concise-kayak-468613-m9/secrets/LIVEKIT_API_SECRET:getIamPolicy [none]
[debug] [2026-09-27T08:17:34.812Z] <<< [apiv2][status] GET https://secretmanager.googleapis.com/v1/projects/concise-kayak-468613-m9/secrets/LIVEKIT_URL:getIamPolicy 200
[debug] [2026-09-27T08:17:34.812Z] <<< [apiv2][body] GET https://secretmanager.googleapis.com/v1/projects/concise-kayak-468613-m9/secrets/LIVEKIT_URL:getIamPolicy {"etag":"ACAB"}
[debug] [2026-09-27T08:17:34.813Z] Checked if tokens are valid: true, expires at: 1790498931110
[debug] [2026-09-27T08:17:34.813Z] Checked if tokens are valid: true, expires at: 1790498931110
[debug] [2026-09-27T08:17:34.813Z] >>> [apiv2][query] POST https://secretmanager.googleapis.com/v1/projects/concise-kayak-468613-m9/secrets/LIVEKIT_URL:setIamPolicy [none]
[debug] [2026-09-27T08:17:34.815Z] >>> [apiv2][body] POST https://secretmanager.googleapis.com/v1/projects/concise-kayak-468613-m9/secrets/LIVEKIT_URL:setIamPolicy {"policy":{"bindings":[{"role":"roles/secretmanager.secretAccessor","members":["serviceAccount:648874084547-compute@developer.gserviceaccount.com"]}]},"updateMask":"bindings"}
[debug] [2026-09-27T08:17:34.826Z] <<< [apiv2][status] GET https://secretmanager.googleapis.com/v1/projects/concise-kayak-468613-m9/secrets/LIVEKIT_API_SECRET:getIamPolicy 200
[debug] [2026-09-27T08:17:34.827Z] <<< [apiv2][body] GET https://secretmanager.googleapis.com/v1/projects/concise-kayak-468613-m9/secrets/LIVEKIT_API_SECRET:getIamPolicy {"etag":"ACAB"}
[debug] [2026-09-27T08:17:34.828Z] Checked if tokens are valid: true, expires at: 1790498931110
[debug] [2026-09-27T08:17:34.828Z] Checked if tokens are valid: true, expires at: 1790498931110
[debug] [2026-09-27T08:17:34.828Z] >>> [apiv2][query] POST https://secretmanager.googleapis.com/v1/projects/concise-kayak-468613-m9/secrets/LIVEKIT_API_SECRET:setIamPolicy [none]
[debug] [2026-09-27T08:17:34.829Z] >>> [apiv2][body] POST https://secretmanager.googleapis.com/v1/projects/concise-kayak-468613-m9/secrets/LIVEKIT_API_SECRET:setIamPolicy {"policy":{"bindings":[{"role":"roles/secretmanager.secretAccessor","members":["serviceAccount:648874084547-compute@developer.gserviceaccount.com"]}]},"updateMask":"bindings"}
[debug] [2026-09-27T08:17:34.838Z] <<< [apiv2][status] GET https://secretmanager.googleapis.com/v1/projects/concise-kayak-468613-m9/secrets/LIVEKIT_API_KEY:getIamPolicy 200
[debug] [2026-09-27T08:17:34.839Z] <<< [apiv2][body] GET https://secretmanager.googleapis.com/v1/projects/concise-kayak-468613-m9/secrets/LIVEKIT_API_KEY:getIamPolicy {"etag":"ACAB"}
[debug] [2026-09-27T08:17:34.840Z] Checked if tokens are valid: true, expires at: 1790498931110
[debug] [2026-09-27T08:17:34.840Z] Checked if tokens are valid: true, expires at: 1790498931110
[debug] [2026-09-27T08:17:34.840Z] >>> [apiv2][query] POST https://secretmanager.googleapis.com/v1/projects/concise-kayak-468613-m9/secrets/LIVEKIT_API_KEY:setIamPolicy [none]
[debug] [2026-09-27T08:17:34.841Z] >>> [apiv2][body] POST https://secretmanager.googleapis.com/v1/projects/concise-kayak-468613-m9/secrets/LIVEKIT_API_KEY:setIamPolicy {"policy":{"bindings":[{"role":"roles/secretmanager.secretAccessor","members":["serviceAccount:648874084547-compute@developer.gserviceaccount.com"]}]},"updateMask":"bindings"}
[debug] [2026-09-27T08:17:35.585Z] <<< [apiv2][status] POST https://secretmanager.googleapis.com/v1/projects/concise-kayak-468613-m9/secrets/LIVEKIT_API_KEY:setIamPolicy 200
[debug] [2026-09-27T08:17:35.586Z] <<< [apiv2][body] POST https://secretmanager.googleapis.com/v1/projects/concise-kayak-468613-m9/secrets/LIVEKIT_API_KEY:setIamPolicy {"version":1,"etag":"BwZccpTzZGo=","bindings":[{"role":"roles/secretmanager.secretAccessor","members":["serviceAccount:648874084547-compute@developer.gserviceaccount.com"]}]}
[info] +  secretmanager: Granted roles/secretmanager.secretAccessor on projects/concise-kayak-468613-m9/secrets/LIVEKIT_API_KEY to 648874084547-compute@developer.gserviceaccount.com 
[info] +  functions: ensured 648874084547-compute@developer.gserviceaccount.com access to LIVEKIT_API_KEY. 
[debug] [2026-09-27T08:17:35.590Z] <<< [apiv2][status] POST https://secretmanager.googleapis.com/v1/projects/concise-kayak-468613-m9/secrets/LIVEKIT_URL:setIamPolicy 200
[debug] [2026-09-27T08:17:35.590Z] <<< [apiv2][body] POST https://secretmanager.googleapis.com/v1/projects/concise-kayak-468613-m9/secrets/LIVEKIT_URL:setIamPolicy {"version":1,"etag":"BwZccpTzQsY=","bindings":[{"role":"roles/secretmanager.secretAccessor","members":["serviceAccount:648874084547-compute@developer.gserviceaccount.com"]}]}
[info] +  secretmanager: Granted roles/secretmanager.secretAccessor on projects/concise-kayak-468613-m9/secrets/LIVEKIT_URL to 648874084547-compute@developer.gserviceaccount.com 
[info] +  functions: ensured 648874084547-compute@developer.gserviceaccount.com access to LIVEKIT_URL. 
[debug] [2026-09-27T08:17:35.600Z] <<< [apiv2][status] POST https://secretmanager.googleapis.com/v1/projects/concise-kayak-468613-m9/secrets/LIVEKIT_API_SECRET:setIamPolicy 200
[debug] [2026-09-27T08:17:35.600Z] <<< [apiv2][body] POST https://secretmanager.googleapis.com/v1/projects/concise-kayak-468613-m9/secrets/LIVEKIT_API_SECRET:setIamPolicy {"version":1,"etag":"BwZccpTzphA=","bindings":[{"role":"roles/secretmanager.secretAccessor","members":["serviceAccount:648874084547-compute@developer.gserviceaccount.com"]}]}
[info] +  secretmanager: Granted roles/secretmanager.secretAccessor on projects/concise-kayak-468613-m9/secrets/LIVEKIT_API_SECRET to 648874084547-compute@developer.gserviceaccount.com 
[info] +  functions: ensured 648874084547-compute@developer.gserviceaccount.com access to LIVEKIT_API_SECRET. 
[info] i  functions: creating Node.js 20 (2nd Gen) function createLiveKitToken(us-central1)... 
[debug] [2026-09-27T08:17:35.611Z] Checked if tokens are valid: true, expires at: 1790498931110
[debug] [2026-09-27T08:17:35.612Z] Checked if tokens are valid: true, expires at: 1790498931110
[debug] [2026-09-27T08:17:35.612Z] >>> [apiv2][query] POST https://cloudfunctions.googleapis.com/v2/projects/concise-kayak-468613-m9/locations/us-central1/functions functionId=createLiveKitToken
[debug] [2026-09-27T08:17:35.613Z] >>> [apiv2][body] POST https://cloudfunctions.googleapis.com/v2/projects/concise-kayak-468613-m9/locations/us-central1/functions {"name":"projects/concise-kayak-468613-m9/locations/us-central1/functions/createLiveKitToken","buildConfig":{"runtime":"nodejs20","entryPoint":"createLiveKitToken","source":{"storageSource":{"bucket":"gcf-v2-uploads-648874084547.us-central1.cloudfunctions.appspot.com","object":"53d29bd1-4ed2-4491-9e29-e3867c63be23.zip"}},"environmentVariables":{"GOOGLE_NODE_RUN_SCRIPTS":""}},"serviceConfig":{"environmentVariables":{"FIREBASE_CONFIG":"{\"projectId\":\"concise-kayak-468613-m9\",\"storageBucket\":\"concise-kayak-468613-m9.firebasestorage.app\"}","GCLOUD_PROJECT":"concise-kayak-468613-m9","EVENTARC_CLOUD_EVENT_SOURCE":"projects/concise-kayak-468613-m9/locations/us-central1/services/createLiveKitToken","FUNCTION_REGION":"us-central1","FUNCTION_TARGET":"createLiveKitToken","LOG_EXECUTION_ID":"true"},"secretEnvironmentVariables":[{"key":"LIVEKIT_URL","secret":"LIVEKIT_URL","projectId":"concise-kayak-468613-m9","version":"1"},{"key":"LIVEKIT_API_KEY","secret":"LIVEKIT_API_KEY","projectId":"concise-kayak-468613-m9","version":"1"},{"key":"LIVEKIT_API_SECRET","secret":"LIVEKIT_API_SECRET","projectId":"concise-kayak-468613-m9","version":"1"}],"ingressSettings":null,"timeoutSeconds":null,"serviceAccountEmail":null,"availableMemory":"256Mi","minInstanceCount":null,"maxInstanceCount":null,"maxInstanceRequestConcurrency":80,"availableCpu":"1","vpcConnector":null,"vpcConnectorEgressSettings":null,"directVpcNetworkInterface":null,"directVpcEgress":null},"labels":{"deployment-tool":"cli-firebase","deployment-callable":"true","firebase-functions-hash":"c2de234e1fa5b619b8f5f749d164d31e78f77fda"}}
[debug] [2026-09-27T08:17:39.123Z] <<< [apiv2][status] POST https://cloudfunctions.googleapis.com/v2/projects/concise-kayak-468613-m9/locations/us-central1/functions 200
[debug] [2026-09-27T08:17:39.124Z] <<< [apiv2][body] POST https://cloudfunctions.googleapis.com/v2/projects/concise-kayak-468613-m9/locations/us-central1/functions {"name":"projects/concise-kayak-468613-m9/locations/us-central1/operations/operation-1790497057255-65c729511afd8-92c46ffd-485185c3","metadata":{"@type":"type.googleapis.com/google.cloud.functions.v2.OperationMetadata","createTime":"2026-09-27T08:17:38.754612425Z","target":"projects/concise-kayak-468613-m9/locations/us-central1/functions/createLiveKitToken","verb":"create","cancelRequested":false,"apiVersion":"v2"},"done":false}
[debug] [2026-09-27T08:17:39.128Z] Checked if tokens are valid: true, expires at: 1790498931110
[debug] [2026-09-27T08:17:39.128Z] Checked if tokens are valid: true, expires at: 1790498931110
[debug] [2026-09-27T08:17:39.130Z] >>> [apiv2][query] GET https://cloudfunctions.googleapis.com/v2/projects/concise-kayak-468613-m9/locations/us-central1/operations/operation-1790497057255-65c729511afd8-92c46ffd-485185c3 [none]
[debug] [2026-09-27T08:17:40.600Z] <<< [apiv2][status] GET https://cloudfunctions.googleapis.com/v2/projects/concise-kayak-468613-m9/locations/us-central1/operations/operation-1790497057255-65c729511afd8-92c46ffd-485185c3 200
[debug] [2026-09-27T08:17:40.601Z] <<< [apiv2][body] GET https://cloudfunctions.googleapis.com/v2/projects/concise-kayak-468613-m9/locations/us-central1/operations/operation-1790497057255-65c729511afd8-92c46ffd-485185c3 {"name":"projects/concise-kayak-468613-m9/locations/us-central1/operations/operation-1790497057255-65c729511afd8-92c46ffd-485185c3","metadata":{"@type":"type.googleapis.com/google.cloud.functions.v2.OperationMetadata","createTime":"2026-09-27T08:17:38.754612425Z","target":"projects/concise-kayak-468613-m9/locations/us-central1/functions/createLiveKitToken","verb":"create","cancelRequested":false,"apiVersion":"v2","requestResource":{"@type":"type.googleapis.com/google.cloud.functions.v2.Function","name":"projects/concise-kayak-468613-m9/locations/us-central1/functions/createLiveKitToken","buildConfig":{"runtime":"nodejs20","entryPoint":"createLiveKitToken","source":{"storageSource":{"bucket":"gcf-v2-sources-648874084547-us-central1","object":"createLiveKitToken/function-source.zip","generation":"1790497058421423"}},"environmentVariables":{"GOOGLE_NODE_RUN_SCRIPTS":""},"serviceAccount":"projects/concise-kayak-468613-m9/serviceAccounts/648874084547-compute@developer.gserviceaccount.com","automaticUpdatePolicy":{}},"serviceConfig":{"service":"projects/concise-kayak-468613-m9/locations/us-central1/services/createlivekittoken","timeoutSeconds":60,"environmentVariables":{"FIREBASE_CONFIG":"{\"projectId\":\"concise-kayak-468613-m9\",\"storageBucket\":\"concise-kayak-468613-m9.firebasestorage.app\"}","GCLOUD_PROJECT":"concise-kayak-468613-m9","EVENTARC_CLOUD_EVENT_SOURCE":"projects/concise-kayak-468613-m9/locations/us-central1/services/createLiveKitToken","FUNCTION_REGION":"us-central1","FUNCTION_TARGET":"createLiveKitToken","LOG_EXECUTION_ID":"true"},"ingressSettings":"ALLOW_ALL","serviceAccountEmail":"648874084547-compute@developer.gserviceaccount.com","availableMemory":"256Mi","secretEnvironmentVariables":[{"key":"LIVEKIT_URL","projectId":"concise-kayak-468613-m9","secret":"LIVEKIT_URL","version":"1"},{"key":"LIVEKIT_API_KEY","projectId":"concise-kayak-468613-m9","secret":"LIVEKIT_API_KEY","version":"1"},{"key":"LIVEKIT_API_SECRET","projectId":"concise-kayak-468613-m9","secret":"LIVEKIT_API_SECRET","version":"1"}],"maxInstanceRequestConcurrency":80,"availableCpu":"1"},"labels":{"deployment-tool":"cli-firebase","deployment-callable":"true","firebase-functions-hash":"c2de234e1fa5b619b8f5f749d164d31e78f77fda"},"environment":"GEN_2"},"stages":[{"name":"BUILD","state":"NOT_STARTED","stateMessages":[{"severity":"WARNING","type":"BuildAnalysisWarning","message":"Node.js 20 is no longer supported by the Node.js community as of 30 April, 2026. Node.js 20 will be decommissioned on 2026-10-30. As of 2026-10-30 you will no longer be able to deploy your Cloud Functions using nodejs20. We recommend you to upgrade to the latest version of Node.js as soon as possible."}]},{"name":"SERVICE","state":"NOT_STARTED"}],"operationType":"CREATE_FUNCTION"},"done":false}
[debug] [2026-09-27T08:17:41.115Z] [create-default-us-central1-createLiveKitToken] Retrying task index 0
[debug] [2026-09-27T08:17:41.117Z] Checked if tokens are valid: true, expires at: 1790498931110
[debug] [2026-09-27T08:17:41.118Z] Checked if tokens are valid: true, expires at: 1790498931110
[debug] [2026-09-27T08:17:41.118Z] >>> [apiv2][query] GET https://cloudfunctions.googleapis.com/v2/projects/concise-kayak-468613-m9/locations/us-central1/operations/operation-1790497057255-65c729511afd8-92c46ffd-485185c3 [none]
[debug] [2026-09-27T08:17:42.644Z] <<< [apiv2][status] GET https://cloudfunctions.googleapis.com/v2/projects/concise-kayak-468613-m9/locations/us-central1/operations/operation-1790497057255-65c729511afd8-92c46ffd-485185c3 200
[debug] [2026-09-27T08:17:42.645Z] <<< [apiv2][body] GET https://cloudfunctions.googleapis.com/v2/projects/concise-kayak-468613-m9/locations/us-central1/operations/operation-1790497057255-65c729511afd8-92c46ffd-485185c3 {"name":"projects/concise-kayak-468613-m9/locations/us-central1/operations/operation-1790497057255-65c729511afd8-92c46ffd-485185c3","metadata":{"@type":"type.googleapis.com/google.cloud.functions.v2.OperationMetadata","createTime":"2026-09-27T08:17:38.754612425Z","target":"projects/concise-kayak-468613-m9/locations/us-central1/functions/createLiveKitToken","verb":"create","cancelRequested":false,"apiVersion":"v2","requestResource":{"@type":"type.googleapis.com/google.cloud.functions.v2.Function","name":"projects/concise-kayak-468613-m9/locations/us-central1/functions/createLiveKitToken","buildConfig":{"runtime":"nodejs20","entryPoint":"createLiveKitToken","source":{"storageSource":{"bucket":"gcf-v2-sources-648874084547-us-central1","object":"createLiveKitToken/function-source.zip","generation":"1790497058421423"}},"environmentVariables":{"GOOGLE_NODE_RUN_SCRIPTS":""},"serviceAccount":"projects/concise-kayak-468613-m9/serviceAccounts/648874084547-compute@developer.gserviceaccount.com","automaticUpdatePolicy":{}},"serviceConfig":{"service":"projects/concise-kayak-468613-m9/locations/us-central1/services/createlivekittoken","timeoutSeconds":60,"environmentVariables":{"FIREBASE_CONFIG":"{\"projectId\":\"concise-kayak-468613-m9\",\"storageBucket\":\"concise-kayak-468613-m9.firebasestorage.app\"}","GCLOUD_PROJECT":"concise-kayak-468613-m9","EVENTARC_CLOUD_EVENT_SOURCE":"projects/concise-kayak-468613-m9/locations/us-central1/services/createLiveKitToken","FUNCTION_REGION":"us-central1","FUNCTION_TARGET":"createLiveKitToken","LOG_EXECUTION_ID":"true"},"ingressSettings":"ALLOW_ALL","serviceAccountEmail":"648874084547-compute@developer.gserviceaccount.com","availableMemory":"256Mi","secretEnvironmentVariables":[{"key":"LIVEKIT_URL","projectId":"concise-kayak-468613-m9","secret":"LIVEKIT_URL","version":"1"},{"key":"LIVEKIT_API_KEY","projectId":"concise-kayak-468613-m9","secret":"LIVEKIT_API_KEY","version":"1"},{"key":"LIVEKIT_API_SECRET","projectId":"concise-kayak-468613-m9","secret":"LIVEKIT_API_SECRET","version":"1"}],"maxInstanceRequestConcurrency":80,"availableCpu":"1"},"labels":{"deployment-tool":"cli-firebase","deployment-callable":"true","firebase-functions-hash":"c2de234e1fa5b619b8f5f749d164d31e78f77fda"},"environment":"GEN_2"},"stages":[{"name":"BUILD","state":"NOT_STARTED","stateMessages":[{"severity":"WARNING","type":"BuildAnalysisWarning","message":"Node.js 20 is no longer supported by the Node.js community as of 30 April, 2026. Node.js 20 will be decommissioned on 2026-10-30. As of 2026-10-30 you will no longer be able to deploy your Cloud Functions using nodejs20. We recommend you to upgrade to the latest version of Node.js as soon as possible."}]},{"name":"SERVICE","state":"NOT_STARTED"}],"operationType":"CREATE_FUNCTION"},"done":false}
[debug] [2026-09-27T08:17:43.650Z] [create-default-us-central1-createLiveKitToken] Retrying task index 0
[debug] [2026-09-27T08:17:43.652Z] Checked if tokens are valid: true, expires at: 1790498931110
[debug] [2026-09-27T08:17:43.652Z] Checked if tokens are valid: true, expires at: 1790498931110
[debug] [2026-09-27T08:17:43.653Z] >>> [apiv2][query] GET https://cloudfunctions.googleapis.com/v2/projects/concise-kayak-468613-m9/locations/us-central1/operations/operation-1790497057255-65c729511afd8-92c46ffd-485185c3 [none]
[debug] [2026-09-27T08:17:45.101Z] <<< [apiv2][status] GET https://cloudfunctions.googleapis.com/v2/projects/concise-kayak-468613-m9/locations/us-central1/operations/operation-1790497057255-65c729511afd8-92c46ffd-485185c3 200
[debug] [2026-09-27T08:17:45.102Z] <<< [apiv2][body] GET https://cloudfunctions.googleapis.com/v2/projects/concise-kayak-468613-m9/locations/us-central1/operations/operation-1790497057255-65c729511afd8-92c46ffd-485185c3 {"name":"projects/concise-kayak-468613-m9/locations/us-central1/operations/operation-1790497057255-65c729511afd8-92c46ffd-485185c3","metadata":{"@type":"type.googleapis.com/google.cloud.functions.v2.OperationMetadata","createTime":"2026-09-27T08:17:38.754612425Z","target":"projects/concise-kayak-468613-m9/locations/us-central1/functions/createLiveKitToken","verb":"create","cancelRequested":false,"apiVersion":"v2","requestResource":{"@type":"type.googleapis.com/google.cloud.functions.v2.Function","name":"projects/concise-kayak-468613-m9/locations/us-central1/functions/createLiveKitToken","buildConfig":{"runtime":"nodejs20","entryPoint":"createLiveKitToken","source":{"storageSource":{"bucket":"gcf-v2-sources-648874084547-us-central1","object":"createLiveKitToken/function-source.zip","generation":"1790497058421423"}},"environmentVariables":{"GOOGLE_NODE_RUN_SCRIPTS":""},"serviceAccount":"projects/concise-kayak-468613-m9/serviceAccounts/648874084547-compute@developer.gserviceaccount.com","automaticUpdatePolicy":{}},"serviceConfig":{"service":"projects/concise-kayak-468613-m9/locations/us-central1/services/createlivekittoken","timeoutSeconds":60,"environmentVariables":{"FIREBASE_CONFIG":"{\"projectId\":\"concise-kayak-468613-m9\",\"storageBucket\":\"concise-kayak-468613-m9.firebasestorage.app\"}","GCLOUD_PROJECT":"concise-kayak-468613-m9","EVENTARC_CLOUD_EVENT_SOURCE":"projects/concise-kayak-468613-m9/locations/us-central1/services/createLiveKitToken","FUNCTION_REGION":"us-central1","FUNCTION_TARGET":"createLiveKitToken","LOG_EXECUTION_ID":"true"},"ingressSettings":"ALLOW_ALL","serviceAccountEmail":"648874084547-compute@developer.gserviceaccount.com","availableMemory":"256Mi","secretEnvironmentVariables":[{"key":"LIVEKIT_URL","projectId":"concise-kayak-468613-m9","secret":"LIVEKIT_URL","version":"1"},{"key":"LIVEKIT_API_KEY","projectId":"concise-kayak-468613-m9","secret":"LIVEKIT_API_KEY","version":"1"},{"key":"LIVEKIT_API_SECRET","projectId":"concise-kayak-468613-m9","secret":"LIVEKIT_API_SECRET","version":"1"}],"maxInstanceRequestConcurrency":80,"availableCpu":"1"},"labels":{"deployment-tool":"cli-firebase","deployment-callable":"true","firebase-functions-hash":"c2de234e1fa5b619b8f5f749d164d31e78f77fda"},"environment":"GEN_2"},"stages":[{"name":"BUILD","state":"NOT_STARTED","stateMessages":[{"severity":"WARNING","type":"BuildAnalysisWarning","message":"Node.js 20 is no longer supported by the Node.js community as of 30 April, 2026. Node.js 20 will be decommissioned on 2026-10-30. As of 2026-10-30 you will no longer be able to deploy your Cloud Functions using nodejs20. We recommend you to upgrade to the latest version of Node.js as soon as possible."}]},{"name":"SERVICE","state":"NOT_STARTED"}],"operationType":"CREATE_FUNCTION"},"done":false}
[debug] [2026-09-27T08:17:47.107Z] [create-default-us-central1-createLiveKitToken] Retrying task index 0
[debug] [2026-09-27T08:17:47.108Z] Checked if tokens are valid: true, expires at: 1790498931110
[debug] [2026-09-27T08:17:47.108Z] Checked if tokens are valid: true, expires at: 1790498931110
[debug] [2026-09-27T08:17:47.108Z] >>> [apiv2][query] GET https://cloudfunctions.googleapis.com/v2/projects/concise-kayak-468613-m9/locations/us-central1/operations/operation-1790497057255-65c729511afd8-92c46ffd-485185c3 [none]
[debug] [2026-09-27T08:17:47.555Z] <<< [apiv2][status] GET https://cloudfunctions.googleapis.com/v2/projects/concise-kayak-468613-m9/locations/us-central1/operations/operation-1790497057255-65c729511afd8-92c46ffd-485185c3 200
[debug] [2026-09-27T08:17:47.556Z] <<< [apiv2][body] GET https://cloudfunctions.googleapis.com/v2/projects/concise-kayak-468613-m9/locations/us-central1/operations/operation-1790497057255-65c729511afd8-92c46ffd-485185c3 {"name":"projects/concise-kayak-468613-m9/locations/us-central1/operations/operation-1790497057255-65c729511afd8-92c46ffd-485185c3","metadata":{"@type":"type.googleapis.com/google.cloud.functions.v2.OperationMetadata","createTime":"2026-09-27T08:17:38.754612425Z","target":"projects/concise-kayak-468613-m9/locations/us-central1/functions/createLiveKitToken","verb":"create","cancelRequested":false,"apiVersion":"v2","requestResource":{"@type":"type.googleapis.com/google.cloud.functions.v2.Function","name":"projects/concise-kayak-468613-m9/locations/us-central1/functions/createLiveKitToken","buildConfig":{"runtime":"nodejs20","entryPoint":"createLiveKitToken","source":{"storageSource":{"bucket":"gcf-v2-sources-648874084547-us-central1","object":"createLiveKitToken/function-source.zip","generation":"1790497058421423"}},"environmentVariables":{"GOOGLE_NODE_RUN_SCRIPTS":""},"serviceAccount":"projects/concise-kayak-468613-m9/serviceAccounts/648874084547-compute@developer.gserviceaccount.com","automaticUpdatePolicy":{}},"serviceConfig":{"service":"projects/concise-kayak-468613-m9/locations/us-central1/services/createlivekittoken","timeoutSeconds":60,"environmentVariables":{"FIREBASE_CONFIG":"{\"projectId\":\"concise-kayak-468613-m9\",\"storageBucket\":\"concise-kayak-468613-m9.firebasestorage.app\"}","GCLOUD_PROJECT":"concise-kayak-468613-m9","EVENTARC_CLOUD_EVENT_SOURCE":"projects/concise-kayak-468613-m9/locations/us-central1/services/createLiveKitToken","FUNCTION_REGION":"us-central1","FUNCTION_TARGET":"createLiveKitToken","LOG_EXECUTION_ID":"true"},"ingressSettings":"ALLOW_ALL","serviceAccountEmail":"648874084547-compute@developer.gserviceaccount.com","availableMemory":"256Mi","secretEnvironmentVariables":[{"key":"LIVEKIT_URL","projectId":"concise-kayak-468613-m9","secret":"LIVEKIT_URL","version":"1"},{"key":"LIVEKIT_API_KEY","projectId":"concise-kayak-468613-m9","secret":"LIVEKIT_API_KEY","version":"1"},{"key":"LIVEKIT_API_SECRET","projectId":"concise-kayak-468613-m9","secret":"LIVEKIT_API_SECRET","version":"1"}],"maxInstanceRequestConcurrency":80,"availableCpu":"1"},"labels":{"deployment-tool":"cli-firebase","deployment-callable":"true","firebase-functions-hash":"c2de234e1fa5b619b8f5f749d164d31e78f77fda"},"environment":"GEN_2"},"stages":[{"name":"BUILD","state":"NOT_STARTED","stateMessages":[{"severity":"WARNING","type":"BuildAnalysisWarning","message":"Node.js 20 is no longer supported by the Node.js community as of 30 April, 2026. Node.js 20 will be decommissioned on 2026-10-30. As of 2026-10-30 you will no longer be able to deploy your Cloud Functions using nodejs20. We recommend you to upgrade to the latest version of Node.js as soon as possible."}]},{"name":"SERVICE","state":"NOT_STARTED"}],"operationType":"CREATE_FUNCTION"},"done":false}
[debug] [2026-09-27T08:17:51.561Z] [create-default-us-central1-createLiveKitToken] Retrying task index 0
[debug] [2026-09-27T08:17:51.562Z] Checked if tokens are valid: true, expires at: 1790498931110
[debug] [2026-09-27T08:17:51.562Z] Checked if tokens are valid: true, expires at: 1790498931110
[debug] [2026-09-27T08:17:51.563Z] >>> [apiv2][query] GET https://cloudfunctions.googleapis.com/v2/projects/concise-kayak-468613-m9/locations/us-central1/operations/operation-1790497057255-65c729511afd8-92c46ffd-485185c3 [none]
[debug] [2026-09-27T08:17:53.171Z] <<< [apiv2][status] GET https://cloudfunctions.googleapis.com/v2/projects/concise-kayak-468613-m9/locations/us-central1/operations/operation-1790497057255-65c729511afd8-92c46ffd-485185c3 200
[debug] [2026-09-27T08:17:53.172Z] <<< [apiv2][body] GET https://cloudfunctions.googleapis.com/v2/projects/concise-kayak-468613-m9/locations/us-central1/operations/operation-1790497057255-65c729511afd8-92c46ffd-485185c3 {"name":"projects/concise-kayak-468613-m9/locations/us-central1/operations/operation-1790497057255-65c729511afd8-92c46ffd-485185c3","metadata":{"@type":"type.googleapis.com/google.cloud.functions.v2.OperationMetadata","createTime":"2026-09-27T08:17:38.754612425Z","target":"projects/concise-kayak-468613-m9/locations/us-central1/functions/createLiveKitToken","verb":"create","cancelRequested":false,"apiVersion":"v2","requestResource":{"@type":"type.googleapis.com/google.cloud.functions.v2.Function","name":"projects/concise-kayak-468613-m9/locations/us-central1/functions/createLiveKitToken","buildConfig":{"runtime":"nodejs20","entryPoint":"createLiveKitToken","source":{"storageSource":{"bucket":"gcf-v2-sources-648874084547-us-central1","object":"createLiveKitToken/function-source.zip","generation":"1790497058421423"}},"environmentVariables":{"GOOGLE_NODE_RUN_SCRIPTS":""},"serviceAccount":"projects/concise-kayak-468613-m9/serviceAccounts/648874084547-compute@developer.gserviceaccount.com","automaticUpdatePolicy":{}},"serviceConfig":{"service":"projects/concise-kayak-468613-m9/locations/us-central1/services/createlivekittoken","timeoutSeconds":60,"environmentVariables":{"FIREBASE_CONFIG":"{\"projectId\":\"concise-kayak-468613-m9\",\"storageBucket\":\"concise-kayak-468613-m9.firebasestorage.app\"}","GCLOUD_PROJECT":"concise-kayak-468613-m9","EVENTARC_CLOUD_EVENT_SOURCE":"projects/concise-kayak-468613-m9/locations/us-central1/services/createLiveKitToken","FUNCTION_REGION":"us-central1","FUNCTION_TARGET":"createLiveKitToken","LOG_EXECUTION_ID":"true"},"ingressSettings":"ALLOW_ALL","serviceAccountEmail":"648874084547-compute@developer.gserviceaccount.com","availableMemory":"256Mi","secretEnvironmentVariables":[{"key":"LIVEKIT_URL","projectId":"concise-kayak-468613-m9","secret":"LIVEKIT_URL","version":"1"},{"key":"LIVEKIT_API_KEY","projectId":"concise-kayak-468613-m9","secret":"LIVEKIT_API_KEY","version":"1"},{"key":"LIVEKIT_API_SECRET","projectId":"concise-kayak-468613-m9","secret":"LIVEKIT_API_SECRET","version":"1"}],"maxInstanceRequestConcurrency":80,"availableCpu":"1"},"labels":{"deployment-tool":"cli-firebase","deployment-callable":"true","firebase-functions-hash":"c2de234e1fa5b619b8f5f749d164d31e78f77fda"},"environment":"GEN_2"},"stages":[{"name":"BUILD","message":"Build in progress","state":"IN_PROGRESS","resource":"projects/648874084547/locations/us-central1/builds/eda988cf-b245-4259-92c3-417f4e98803e","resourceUri":"https://console.cloud.google.com/cloud-build/builds;region=us-central1/eda988cf-b245-4259-92c3-417f4e98803e?project=648874084547"},{"name":"SERVICE","state":"NOT_STARTED"}],"operationType":"CREATE_FUNCTION","buildName":"projects/648874084547/locations/us-central1/builds/eda988cf-b245-4259-92c3-417f4e98803e"},"done":false}
[debug] [2026-09-27T08:18:01.185Z] [create-default-us-central1-createLiveKitToken] Retrying task index 0
[debug] [2026-09-27T08:18:01.186Z] Checked if tokens are valid: true, expires at: 1790498931110
[debug] [2026-09-27T08:18:01.186Z] Checked if tokens are valid: true, expires at: 1790498931110
[debug] [2026-09-27T08:18:01.186Z] >>> [apiv2][query] GET https://cloudfunctions.googleapis.com/v2/projects/concise-kayak-468613-m9/locations/us-central1/operations/operation-1790497057255-65c729511afd8-92c46ffd-485185c3 [none]
[debug] [2026-09-27T08:18:02.769Z] <<< [apiv2][status] GET https://cloudfunctions.googleapis.com/v2/projects/concise-kayak-468613-m9/locations/us-central1/operations/operation-1790497057255-65c729511afd8-92c46ffd-485185c3 200
[debug] [2026-09-27T08:18:02.770Z] <<< [apiv2][body] GET https://cloudfunctions.googleapis.com/v2/projects/concise-kayak-468613-m9/locations/us-central1/operations/operation-1790497057255-65c729511afd8-92c46ffd-485185c3 {"name":"projects/concise-kayak-468613-m9/locations/us-central1/operations/operation-1790497057255-65c729511afd8-92c46ffd-485185c3","metadata":{"@type":"type.googleapis.com/google.cloud.functions.v2.OperationMetadata","createTime":"2026-09-27T08:17:38.754612425Z","target":"projects/concise-kayak-468613-m9/locations/us-central1/functions/createLiveKitToken","verb":"create","cancelRequested":false,"apiVersion":"v2","requestResource":{"@type":"type.googleapis.com/google.cloud.functions.v2.Function","name":"projects/concise-kayak-468613-m9/locations/us-central1/functions/createLiveKitToken","buildConfig":{"runtime":"nodejs20","entryPoint":"createLiveKitToken","source":{"storageSource":{"bucket":"gcf-v2-sources-648874084547-us-central1","object":"createLiveKitToken/function-source.zip","generation":"1790497058421423"}},"environmentVariables":{"GOOGLE_NODE_RUN_SCRIPTS":""},"serviceAccount":"projects/concise-kayak-468613-m9/serviceAccounts/648874084547-compute@developer.gserviceaccount.com","automaticUpdatePolicy":{}},"serviceConfig":{"service":"projects/concise-kayak-468613-m9/locations/us-central1/services/createlivekittoken","timeoutSeconds":60,"environmentVariables":{"FIREBASE_CONFIG":"{\"projectId\":\"concise-kayak-468613-m9\",\"storageBucket\":\"concise-kayak-468613-m9.firebasestorage.app\"}","GCLOUD_PROJECT":"concise-kayak-468613-m9","EVENTARC_CLOUD_EVENT_SOURCE":"projects/concise-kayak-468613-m9/locations/us-central1/services/createLiveKitToken","FUNCTION_REGION":"us-central1","FUNCTION_TARGET":"createLiveKitToken","LOG_EXECUTION_ID":"true"},"ingressSettings":"ALLOW_ALL","serviceAccountEmail":"648874084547-compute@developer.gserviceaccount.com","availableMemory":"256Mi","secretEnvironmentVariables":[{"key":"LIVEKIT_URL","projectId":"concise-kayak-468613-m9","secret":"LIVEKIT_URL","version":"1"},{"key":"LIVEKIT_API_KEY","projectId":"concise-kayak-468613-m9","secret":"LIVEKIT_API_KEY","version":"1"},{"key":"LIVEKIT_API_SECRET","projectId":"concise-kayak-468613-m9","secret":"LIVEKIT_API_SECRET","version":"1"}],"maxInstanceRequestConcurrency":80,"availableCpu":"1"},"labels":{"deployment-tool":"cli-firebase","deployment-callable":"true","firebase-functions-hash":"c2de234e1fa5b619b8f5f749d164d31e78f77fda"},"environment":"GEN_2"},"stages":[{"name":"BUILD","message":"Build in progress","state":"IN_PROGRESS","resource":"projects/648874084547/locations/us-central1/builds/eda988cf-b245-4259-92c3-417f4e98803e","resourceUri":"https://console.cloud.google.com/cloud-build/builds;region=us-central1/eda988cf-b245-4259-92c3-417f4e98803e?project=648874084547"},{"name":"SERVICE","state":"NOT_STARTED"}],"operationType":"CREATE_FUNCTION","buildName":"projects/648874084547/locations/us-central1/builds/eda988cf-b245-4259-92c3-417f4e98803e"},"done":false}
[debug] [2026-09-27T08:18:12.774Z] [create-default-us-central1-createLiveKitToken] Retrying task index 0
[debug] [2026-09-27T08:18:12.775Z] Checked if tokens are valid: true, expires at: 1790498931110
[debug] [2026-09-27T08:18:12.775Z] Checked if tokens are valid: true, expires at: 1790498931110
[debug] [2026-09-27T08:18:12.775Z] >>> [apiv2][query] GET https://cloudfunctions.googleapis.com/v2/projects/concise-kayak-468613-m9/locations/us-central1/operations/operation-1790497057255-65c729511afd8-92c46ffd-485185c3 [none]
[debug] [2026-09-27T08:18:15.396Z] <<< [apiv2][status] GET https://cloudfunctions.googleapis.com/v2/projects/concise-kayak-468613-m9/locations/us-central1/operations/operation-1790497057255-65c729511afd8-92c46ffd-485185c3 200
[debug] [2026-09-27T08:18:15.397Z] <<< [apiv2][body] GET https://cloudfunctions.googleapis.com/v2/projects/concise-kayak-468613-m9/locations/us-central1/operations/operation-1790497057255-65c729511afd8-92c46ffd-485185c3 {"name":"projects/concise-kayak-468613-m9/locations/us-central1/operations/operation-1790497057255-65c729511afd8-92c46ffd-485185c3","metadata":{"@type":"type.googleapis.com/google.cloud.functions.v2.OperationMetadata","createTime":"2026-09-27T08:17:38.754612425Z","target":"projects/concise-kayak-468613-m9/locations/us-central1/functions/createLiveKitToken","verb":"create","cancelRequested":false,"apiVersion":"v2","requestResource":{"@type":"type.googleapis.com/google.cloud.functions.v2.Function","name":"projects/concise-kayak-468613-m9/locations/us-central1/functions/createLiveKitToken","buildConfig":{"runtime":"nodejs20","entryPoint":"createLiveKitToken","source":{"storageSource":{"bucket":"gcf-v2-sources-648874084547-us-central1","object":"createLiveKitToken/function-source.zip","generation":"1790497058421423"}},"environmentVariables":{"GOOGLE_NODE_RUN_SCRIPTS":""},"serviceAccount":"projects/concise-kayak-468613-m9/serviceAccounts/648874084547-compute@developer.gserviceaccount.com","automaticUpdatePolicy":{}},"serviceConfig":{"service":"projects/concise-kayak-468613-m9/locations/us-central1/services/createlivekittoken","timeoutSeconds":60,"environmentVariables":{"FIREBASE_CONFIG":"{\"projectId\":\"concise-kayak-468613-m9\",\"storageBucket\":\"concise-kayak-468613-m9.firebasestorage.app\"}","GCLOUD_PROJECT":"concise-kayak-468613-m9","EVENTARC_CLOUD_EVENT_SOURCE":"projects/concise-kayak-468613-m9/locations/us-central1/services/createLiveKitToken","FUNCTION_REGION":"us-central1","FUNCTION_TARGET":"createLiveKitToken","LOG_EXECUTION_ID":"true"},"ingressSettings":"ALLOW_ALL","serviceAccountEmail":"648874084547-compute@developer.gserviceaccount.com","availableMemory":"256Mi","secretEnvironmentVariables":[{"key":"LIVEKIT_URL","projectId":"concise-kayak-468613-m9","secret":"LIVEKIT_URL","version":"1"},{"key":"LIVEKIT_API_KEY","projectId":"concise-kayak-468613-m9","secret":"LIVEKIT_API_KEY","version":"1"},{"key":"LIVEKIT_API_SECRET","projectId":"concise-kayak-468613-m9","secret":"LIVEKIT_API_SECRET","version":"1"}],"maxInstanceRequestConcurrency":80,"availableCpu":"1"},"labels":{"deployment-tool":"cli-firebase","deployment-callable":"true","firebase-functions-hash":"c2de234e1fa5b619b8f5f749d164d31e78f77fda"},"environment":"GEN_2"},"stages":[{"name":"BUILD","message":"Build in progress","state":"IN_PROGRESS","resource":"projects/648874084547/locations/us-central1/builds/eda988cf-b245-4259-92c3-417f4e98803e","resourceUri":"https://console.cloud.google.com/cloud-build/builds;region=us-central1/eda988cf-b245-4259-92c3-417f4e98803e?project=648874084547"},{"name":"SERVICE","state":"NOT_STARTED"}],"operationType":"CREATE_FUNCTION","buildName":"projects/648874084547/locations/us-central1/builds/eda988cf-b245-4259-92c3-417f4e98803e"},"done":false}
[debug] [2026-09-27T08:18:25.401Z] [create-default-us-central1-createLiveKitToken] Retrying task index 0
[debug] [2026-09-27T08:18:25.401Z] Checked if tokens are valid: true, expires at: 1790498931110
[debug] [2026-09-27T08:18:25.401Z] Checked if tokens are valid: true, expires at: 1790498931110
[debug] [2026-09-27T08:18:25.402Z] >>> [apiv2][query] GET https://cloudfunctions.googleapis.com/v2/projects/concise-kayak-468613-m9/locations/us-central1/operations/operation-1790497057255-65c729511afd8-92c46ffd-485185c3 [none]
[debug] [2026-09-27T08:18:27.054Z] <<< [apiv2][status] GET https://cloudfunctions.googleapis.com/v2/projects/concise-kayak-468613-m9/locations/us-central1/operations/operation-1790497057255-65c729511afd8-92c46ffd-485185c3 200
[debug] [2026-09-27T08:18:27.054Z] <<< [apiv2][body] GET https://cloudfunctions.googleapis.com/v2/projects/concise-kayak-468613-m9/locations/us-central1/operations/operation-1790497057255-65c729511afd8-92c46ffd-485185c3 {"name":"projects/concise-kayak-468613-m9/locations/us-central1/operations/operation-1790497057255-65c729511afd8-92c46ffd-485185c3","metadata":{"@type":"type.googleapis.com/google.cloud.functions.v2.OperationMetadata","createTime":"2026-09-27T08:17:38.754612425Z","target":"projects/concise-kayak-468613-m9/locations/us-central1/functions/createLiveKitToken","verb":"create","cancelRequested":false,"apiVersion":"v2","requestResource":{"@type":"type.googleapis.com/google.cloud.functions.v2.Function","name":"projects/concise-kayak-468613-m9/locations/us-central1/functions/createLiveKitToken","buildConfig":{"runtime":"nodejs20","entryPoint":"createLiveKitToken","source":{"storageSource":{"bucket":"gcf-v2-sources-648874084547-us-central1","object":"createLiveKitToken/function-source.zip","generation":"1790497058421423"}},"environmentVariables":{"GOOGLE_NODE_RUN_SCRIPTS":""},"serviceAccount":"projects/concise-kayak-468613-m9/serviceAccounts/648874084547-compute@developer.gserviceaccount.com","automaticUpdatePolicy":{}},"serviceConfig":{"service":"projects/concise-kayak-468613-m9/locations/us-central1/services/createlivekittoken","timeoutSeconds":60,"environmentVariables":{"FIREBASE_CONFIG":"{\"projectId\":\"concise-kayak-468613-m9\",\"storageBucket\":\"concise-kayak-468613-m9.firebasestorage.app\"}","GCLOUD_PROJECT":"concise-kayak-468613-m9","EVENTARC_CLOUD_EVENT_SOURCE":"projects/concise-kayak-468613-m9/locations/us-central1/services/createLiveKitToken","FUNCTION_REGION":"us-central1","FUNCTION_TARGET":"createLiveKitToken","LOG_EXECUTION_ID":"true"},"ingressSettings":"ALLOW_ALL","serviceAccountEmail":"648874084547-compute@developer.gserviceaccount.com","availableMemory":"256Mi","secretEnvironmentVariables":[{"key":"LIVEKIT_URL","projectId":"concise-kayak-468613-m9","secret":"LIVEKIT_URL","version":"1"},{"key":"LIVEKIT_API_KEY","projectId":"concise-kayak-468613-m9","secret":"LIVEKIT_API_KEY","version":"1"},{"key":"LIVEKIT_API_SECRET","projectId":"concise-kayak-468613-m9","secret":"LIVEKIT_API_SECRET","version":"1"}],"maxInstanceRequestConcurrency":80,"availableCpu":"1"},"labels":{"deployment-tool":"cli-firebase","deployment-callable":"true","firebase-functions-hash":"c2de234e1fa5b619b8f5f749d164d31e78f77fda"},"environment":"GEN_2"},"stages":[{"name":"BUILD","message":"Build in progress","state":"IN_PROGRESS","resource":"projects/648874084547/locations/us-central1/builds/eda988cf-b245-4259-92c3-417f4e98803e","resourceUri":"https://console.cloud.google.com/cloud-build/builds;region=us-central1/eda988cf-b245-4259-92c3-417f4e98803e?project=648874084547"},{"name":"SERVICE","state":"NOT_STARTED"}],"operationType":"CREATE_FUNCTION","buildName":"projects/648874084547/locations/us-central1/builds/eda988cf-b245-4259-92c3-417f4e98803e"},"done":false}
[debug] [2026-09-27T08:18:37.059Z] [create-default-us-central1-createLiveKitToken] Retrying task index 0
[debug] [2026-09-27T08:18:37.062Z] Checked if tokens are valid: true, expires at: 1790498931110
[debug] [2026-09-27T08:18:37.062Z] Checked if tokens are valid: true, expires at: 1790498931110
[debug] [2026-09-27T08:18:37.063Z] >>> [apiv2][query] GET https://cloudfunctions.googleapis.com/v2/projects/concise-kayak-468613-m9/locations/us-central1/operations/operation-1790497057255-65c729511afd8-92c46ffd-485185c3 [none]
[debug] [2026-09-27T08:18:38.923Z] <<< [apiv2][status] GET https://cloudfunctions.googleapis.com/v2/projects/concise-kayak-468613-m9/locations/us-central1/operations/operation-1790497057255-65c729511afd8-92c46ffd-485185c3 200
[debug] [2026-09-27T08:18:38.926Z] <<< [apiv2][body] GET https://cloudfunctions.googleapis.com/v2/projects/concise-kayak-468613-m9/locations/us-central1/operations/operation-1790497057255-65c729511afd8-92c46ffd-485185c3 {"name":"projects/concise-kayak-468613-m9/locations/us-central1/operations/operation-1790497057255-65c729511afd8-92c46ffd-485185c3","metadata":{"@type":"type.googleapis.com/google.cloud.functions.v2.OperationMetadata","createTime":"2026-09-27T08:17:38.754612425Z","target":"projects/concise-kayak-468613-m9/locations/us-central1/functions/createLiveKitToken","verb":"create","cancelRequested":false,"apiVersion":"v2","requestResource":{"@type":"type.googleapis.com/google.cloud.functions.v2.Function","name":"projects/concise-kayak-468613-m9/locations/us-central1/functions/createLiveKitToken","buildConfig":{"runtime":"nodejs20","entryPoint":"createLiveKitToken","source":{"storageSource":{"bucket":"gcf-v2-sources-648874084547-us-central1","object":"createLiveKitToken/function-source.zip","generation":"1790497058421423"}},"environmentVariables":{"GOOGLE_NODE_RUN_SCRIPTS":""},"serviceAccount":"projects/concise-kayak-468613-m9/serviceAccounts/648874084547-compute@developer.gserviceaccount.com","automaticUpdatePolicy":{}},"serviceConfig":{"service":"projects/concise-kayak-468613-m9/locations/us-central1/services/createlivekittoken","timeoutSeconds":60,"environmentVariables":{"FIREBASE_CONFIG":"{\"projectId\":\"concise-kayak-468613-m9\",\"storageBucket\":\"concise-kayak-468613-m9.firebasestorage.app\"}","GCLOUD_PROJECT":"concise-kayak-468613-m9","EVENTARC_CLOUD_EVENT_SOURCE":"projects/concise-kayak-468613-m9/locations/us-central1/services/createLiveKitToken","FUNCTION_REGION":"us-central1","FUNCTION_TARGET":"createLiveKitToken","LOG_EXECUTION_ID":"true"},"ingressSettings":"ALLOW_ALL","serviceAccountEmail":"648874084547-compute@developer.gserviceaccount.com","availableMemory":"256Mi","secretEnvironmentVariables":[{"key":"LIVEKIT_URL","projectId":"concise-kayak-468613-m9","secret":"LIVEKIT_URL","version":"1"},{"key":"LIVEKIT_API_KEY","projectId":"concise-kayak-468613-m9","secret":"LIVEKIT_API_KEY","version":"1"},{"key":"LIVEKIT_API_SECRET","projectId":"concise-kayak-468613-m9","secret":"LIVEKIT_API_SECRET","version":"1"}],"maxInstanceRequestConcurrency":80,"availableCpu":"1"},"labels":{"deployment-tool":"cli-firebase","deployment-callable":"true","firebase-functions-hash":"c2de234e1fa5b619b8f5f749d164d31e78f77fda"},"environment":"GEN_2"},"stages":[{"name":"BUILD","message":"Build finished","state":"COMPLETE","resource":"projects/648874084547/locations/us-central1/builds/eda988cf-b245-4259-92c3-417f4e98803e","resourceUri":"https://console.cloud.google.com/cloud-build/builds;region=us-central1/eda988cf-b245-4259-92c3-417f4e98803e?project=648874084547"},{"name":"SERVICE","message":"Creating Cloud Run service","state":"IN_PROGRESS","resource":"projects/concise-kayak-468613-m9/locations/us-central1/services/createlivekittoken","resourceUri":"https://console.cloud.google.com/run/detail/us-central1/createlivekittoken?project=concise-kayak-468613-m9"}],"sourceToken":"Cldwcm9qZWN0cy82NDg4NzQwODQ1NDcvbG9jYXRpb25zL3VzLWNlbnRyYWwxL2J1aWxkcy9lZGE5ODhjZi1iMjQ1LTQyNTktOTJjMy00MTdmNGU5ODgwM2USigF1cy1jZW50cmFsMS1kb2NrZXIucGtnLmRldi9jb25jaXNlLWtheWFrLTQ2ODYxMy1tOS9nY2YtYXJ0aWZhY3RzL2NvbmNpc2UtLWtheWFrLS00Njg2MTMtLW05X191cy0tY2VudHJhbDFfX2NyZWF0ZV9saXZlX2tpdF90b2tlbjp2ZXJzaW9uXzEYw5Gjn/ESIlNwcm9qZWN0cy9jb25jaXNlLWtheWFrLTQ2ODYxMy1tOS9sb2NhdGlvbnMvdXMtY2VudHJhbDEvZnVuY3Rpb25zL2NyZWF0ZUxpdmVLaXRUb2tlbioMCNui49UGEKid3aUCMghub2RlanMyMDp2CiNnY3IuaW8vZ2FlLXJ1bnRpbWVzL25vZGVqczIwOnN0YWJsZRJPdXMtY2VudHJhbDEtZG9ja2VyLnBrZy5kZXYvc2VydmVybGVzcy1ydW50aW1lcy9nb29nbGUtMjItZnVsbC9ydW50aW1lcy9ub2RlanMyMEAB","operationType":"CREATE_FUNCTION","buildName":"projects/648874084547/locations/us-central1/builds/eda988cf-b245-4259-92c3-417f4e98803e"},"done":false}
[debug] [2026-09-27T08:18:38.940Z] Got source token Cldwcm9qZWN0cy82NDg4NzQwODQ1NDcvbG9jYXRpb25zL3VzLWNlbnRyYWwxL2J1aWxkcy9lZGE5ODhjZi1iMjQ1LTQyNTktOTJjMy00MTdmNGU5ODgwM2USigF1cy1jZW50cmFsMS1kb2NrZXIucGtnLmRldi9jb25jaXNlLWtheWFrLTQ2ODYxMy1tOS9nY2YtYXJ0aWZhY3RzL2NvbmNpc2UtLWtheWFrLS00Njg2MTMtLW05X191cy0tY2VudHJhbDFfX2NyZWF0ZV9saXZlX2tpdF90b2tlbjp2ZXJzaW9uXzEYw5Gjn/ESIlNwcm9qZWN0cy9jb25jaXNlLWtheWFrLTQ2ODYxMy1tOS9sb2NhdGlvbnMvdXMtY2VudHJhbDEvZnVuY3Rpb25zL2NyZWF0ZUxpdmVLaXRUb2tlbioMCNui49UGEKid3aUCMghub2RlanMyMDp2CiNnY3IuaW8vZ2FlLXJ1bnRpbWVzL25vZGVqczIwOnN0YWJsZRJPdXMtY2VudHJhbDEtZG9ja2VyLnBrZy5kZXYvc2VydmVybGVzcy1ydW50aW1lcy9nb29nbGUtMjItZnVsbC9ydW50aW1lcy9ub2RlanMyMEAB for region us-central1
[debug] [2026-09-27T08:18:48.961Z] [create-default-us-central1-createLiveKitToken] Retrying task index 0
[debug] [2026-09-27T08:18:48.964Z] Checked if tokens are valid: true, expires at: 1790498931110
[debug] [2026-09-27T08:18:48.968Z] Checked if tokens are valid: true, expires at: 1790498931110
[debug] [2026-09-27T08:18:48.981Z] >>> [apiv2][query] GET https://cloudfunctions.googleapis.com/v2/projects/concise-kayak-468613-m9/locations/us-central1/operations/operation-1790497057255-65c729511afd8-92c46ffd-485185c3 [none]
[debug] [2026-09-27T08:18:50.770Z] <<< [apiv2][status] GET https://cloudfunctions.googleapis.com/v2/projects/concise-kayak-468613-m9/locations/us-central1/operations/operation-1790497057255-65c729511afd8-92c46ffd-485185c3 200
[debug] [2026-09-27T08:18:50.771Z] <<< [apiv2][body] GET https://cloudfunctions.googleapis.com/v2/projects/concise-kayak-468613-m9/locations/us-central1/operations/operation-1790497057255-65c729511afd8-92c46ffd-485185c3 {"name":"projects/concise-kayak-468613-m9/locations/us-central1/operations/operation-1790497057255-65c729511afd8-92c46ffd-485185c3","metadata":{"@type":"type.googleapis.com/google.cloud.functions.v2.OperationMetadata","createTime":"2026-09-27T08:17:38.754612425Z","endTime":"2026-09-27T08:18:45.674461721Z","target":"projects/concise-kayak-468613-m9/locations/us-central1/functions/createLiveKitToken","verb":"create","cancelRequested":false,"apiVersion":"v2","requestResource":{"@type":"type.googleapis.com/google.cloud.functions.v2.Function","name":"projects/concise-kayak-468613-m9/locations/us-central1/functions/createLiveKitToken","buildConfig":{"runtime":"nodejs20","entryPoint":"createLiveKitToken","source":{"storageSource":{"bucket":"gcf-v2-sources-648874084547-us-central1","object":"createLiveKitToken/function-source.zip","generation":"1790497058421423"}},"environmentVariables":{"GOOGLE_NODE_RUN_SCRIPTS":""},"serviceAccount":"projects/concise-kayak-468613-m9/serviceAccounts/648874084547-compute@developer.gserviceaccount.com","automaticUpdatePolicy":{}},"serviceConfig":{"service":"projects/concise-kayak-468613-m9/locations/us-central1/services/createlivekittoken","timeoutSeconds":60,"environmentVariables":{"FIREBASE_CONFIG":"{\"projectId\":\"concise-kayak-468613-m9\",\"storageBucket\":\"concise-kayak-468613-m9.firebasestorage.app\"}","GCLOUD_PROJECT":"concise-kayak-468613-m9","EVENTARC_CLOUD_EVENT_SOURCE":"projects/concise-kayak-468613-m9/locations/us-central1/services/createLiveKitToken","FUNCTION_REGION":"us-central1","FUNCTION_TARGET":"createLiveKitToken","LOG_EXECUTION_ID":"true"},"ingressSettings":"ALLOW_ALL","serviceAccountEmail":"648874084547-compute@developer.gserviceaccount.com","availableMemory":"256Mi","secretEnvironmentVariables":[{"key":"LIVEKIT_URL","projectId":"concise-kayak-468613-m9","secret":"LIVEKIT_URL","version":"1"},{"key":"LIVEKIT_API_KEY","projectId":"concise-kayak-468613-m9","secret":"LIVEKIT_API_KEY","version":"1"},{"key":"LIVEKIT_API_SECRET","projectId":"concise-kayak-468613-m9","secret":"LIVEKIT_API_SECRET","version":"1"}],"maxInstanceRequestConcurrency":80,"availableCpu":"1"},"labels":{"deployment-tool":"cli-firebase","deployment-callable":"true","firebase-functions-hash":"c2de234e1fa5b619b8f5f749d164d31e78f77fda"},"environment":"GEN_2"},"stages":[{"name":"BUILD","message":"Build finished","state":"COMPLETE","resource":"projects/648874084547/locations/us-central1/builds/eda988cf-b245-4259-92c3-417f4e98803e","resourceUri":"https://console.cloud.google.com/cloud-build/builds;region=us-central1/eda988cf-b245-4259-92c3-417f4e98803e?project=648874084547"},{"name":"SERVICE","message":"Creating Cloud Run service","state":"COMPLETE","resource":"projects/concise-kayak-468613-m9/locations/us-central1/services/createlivekittoken","resourceUri":"https://console.cloud.google.com/run/detail/us-central1/createlivekittoken?project=concise-kayak-468613-m9"}],"sourceToken":"Cldwcm9qZWN0cy82NDg4NzQwODQ1NDcvbG9jYXRpb25zL3VzLWNlbnRyYWwxL2J1aWxkcy9lZGE5ODhjZi1iMjQ1LTQyNTktOTJjMy00MTdmNGU5ODgwM2USigF1cy1jZW50cmFsMS1kb2NrZXIucGtnLmRldi9jb25jaXNlLWtheWFrLTQ2ODYxMy1tOS9nY2YtYXJ0aWZhY3RzL2NvbmNpc2UtLWtheWFrLS00Njg2MTMtLW05X191cy0tY2VudHJhbDFfX2NyZWF0ZV9saXZlX2tpdF90b2tlbjp2ZXJzaW9uXzEYw5Gjn/ESIlNwcm9qZWN0cy9jb25jaXNlLWtheWFrLTQ2ODYxMy1tOS9sb2NhdGlvbnMvdXMtY2VudHJhbDEvZnVuY3Rpb25zL2NyZWF0ZUxpdmVLaXRUb2tlbioMCNui49UGEKid3aUCMghub2RlanMyMDp2CiNnY3IuaW8vZ2FlLXJ1bnRpbWVzL25vZGVqczIwOnN0YWJsZRJPdXMtY2VudHJhbDEtZG9ja2VyLnBrZy5kZXYvc2VydmVybGVzcy1ydW50aW1lcy9nb29nbGUtMjItZnVsbC9ydW50aW1lcy9ub2RlanMyMEAB","operationType":"CREATE_FUNCTION","buildName":"projects/648874084547/locations/us-central1/builds/eda988cf-b245-4259-92c3-417f4e98803e"},"done":true,"response":{"@type":"type.googleapis.com/google.cloud.functions.v2.Function","name":"projects/concise-kayak-468613-m9/locations/us-central1/functions/createLiveKitToken","buildConfig":{"build":"projects/648874084547/locations/us-central1/builds/eda988cf-b245-4259-92c3-417f4e98803e","runtime":"nodejs20","entryPoint":"createLiveKitToken","source":{"storageSource":{"bucket":"gcf-v2-sources-648874084547-us-central1","object":"createLiveKitToken/function-source.zip","generation":"1790497058421423"}},"environmentVariables":{"GOOGLE_NODE_RUN_SCRIPTS":""},"dockerRepository":"projects/concise-kayak-468613-m9/locations/us-central1/repositories/gcf-artifacts","sourceProvenance":{"resolvedStorageSource":{"bucket":"gcf-v2-sources-648874084547-us-central1","object":"createLiveKitToken/function-source.zip","generation":"1790497058421423"}},"dockerRegistry":"ARTIFACT_REGISTRY","serviceAccount":"projects/concise-kayak-468613-m9/serviceAccounts/648874084547-compute@developer.gserviceaccount.com","automaticUpdatePolicy":{}},"serviceConfig":{"service":"projects/concise-kayak-468613-m9/locations/us-central1/services/createlivekittoken","timeoutSeconds":60,"environmentVariables":{"FIREBASE_CONFIG":"{\"projectId\":\"concise-kayak-468613-m9\",\"storageBucket\":\"concise-kayak-468613-m9.firebasestorage.app\"}","GCLOUD_PROJECT":"concise-kayak-468613-m9","EVENTARC_CLOUD_EVENT_SOURCE":"projects/concise-kayak-468613-m9/locations/us-central1/services/createLiveKitToken","FUNCTION_REGION":"us-central1","FUNCTION_TARGET":"createLiveKitToken","LOG_EXECUTION_ID":"true"},"ingressSettings":"ALLOW_ALL","uri":"https://createlivekittoken-khpab733hq-uc.a.run.app","serviceAccountEmail":"648874084547-compute@developer.gserviceaccount.com","availableMemory":"256Mi","allTrafficOnLatestRevision":true,"secretEnvironmentVariables":[{"key":"LIVEKIT_URL","projectId":"concise-kayak-468613-m9","secret":"LIVEKIT_URL","version":"1"},{"key":"LIVEKIT_API_KEY","projectId":"concise-kayak-468613-m9","secret":"LIVEKIT_API_KEY","version":"1"},{"key":"LIVEKIT_API_SECRET","projectId":"concise-kayak-468613-m9","secret":"LIVEKIT_API_SECRET","version":"1"}],"revision":"createlivekittoken-00001-din","maxInstanceRequestConcurrency":80,"availableCpu":"1"},"state":"ACTIVE","updateTime":"2026-09-27T08:17:38.746218412Z","labels":{"firebase-functions-hash":"c2de234e1fa5b619b8f5f749d164d31e78f77fda","deployment-tool":"cli-firebase","deployment-callable":"true"},"environment":"GEN_2","url":"https://us-central1-concise-kayak-468613-m9.cloudfunctions.net/createLiveKitToken","createTime":"2026-09-27T08:17:38.746218412Z","satisfiesPzi":true}}
[debug] [2026-09-27T08:18:50.771Z] Got source token Cldwcm9qZWN0cy82NDg4NzQwODQ1NDcvbG9jYXRpb25zL3VzLWNlbnRyYWwxL2J1aWxkcy9lZGE5ODhjZi1iMjQ1LTQyNTktOTJjMy00MTdmNGU5ODgwM2USigF1cy1jZW50cmFsMS1kb2NrZXIucGtnLmRldi9jb25jaXNlLWtheWFrLTQ2ODYxMy1tOS9nY2YtYXJ0aWZhY3RzL2NvbmNpc2UtLWtheWFrLS00Njg2MTMtLW05X191cy0tY2VudHJhbDFfX2NyZWF0ZV9saXZlX2tpdF90b2tlbjp2ZXJzaW9uXzEYw5Gjn/ESIlNwcm9qZWN0cy9jb25jaXNlLWtheWFrLTQ2ODYxMy1tOS9sb2NhdGlvbnMvdXMtY2VudHJhbDEvZnVuY3Rpb25zL2NyZWF0ZUxpdmVLaXRUb2tlbioMCNui49UGEKid3aUCMghub2RlanMyMDp2CiNnY3IuaW8vZ2FlLXJ1bnRpbWVzL25vZGVqczIwOnN0YWJsZRJPdXMtY2VudHJhbDEtZG9ja2VyLnBrZy5kZXYvc2VydmVybGVzcy1ydW50aW1lcy9nb29nbGUtMjItZnVsbC9ydW50aW1lcy9ub2RlanMyMEAB for region us-central1
[debug] [2026-09-27T08:18:50.775Z] Checked if tokens are valid: true, expires at: 1790498931110
[debug] [2026-09-27T08:18:50.775Z] Checked if tokens are valid: true, expires at: 1790498931110
[debug] [2026-09-27T08:18:50.777Z] >>> [apiv2][query] POST https://run.googleapis.com/v1/projects/concise-kayak-468613-m9/locations/us-central1/services/createlivekittoken:setIamPolicy [none]
[debug] [2026-09-27T08:18:50.781Z] >>> [apiv2][body] POST https://run.googleapis.com/v1/projects/concise-kayak-468613-m9/locations/us-central1/services/createlivekittoken:setIamPolicy {"policy":{"bindings":[{"role":"roles/run.invoker","members":["allUsers"]}],"etag":"","version":3},"updateMask":"bindings,etag,version"}
[debug] [2026-09-27T08:18:53.080Z] <<< [apiv2][status] POST https://run.googleapis.com/v1/projects/concise-kayak-468613-m9/locations/us-central1/services/createlivekittoken:setIamPolicy 200
[debug] [2026-09-27T08:18:53.081Z] <<< [apiv2][body] POST https://run.googleapis.com/v1/projects/concise-kayak-468613-m9/locations/us-central1/services/createlivekittoken:setIamPolicy {"version":1,"etag":"BwZccpmRp3o=","bindings":[{"role":"roles/run.invoker","members":["allUsers"]}]}
[info] +  functions[createLiveKitToken(us-central1)] Successful create operation. 
[debug] [2026-09-27T08:18:53.101Z] Total Function Deployment time: 79074
[debug] [2026-09-27T08:18:53.101Z] 1 Functions Deployed
[debug] [2026-09-27T08:18:53.102Z] 0 Functions Errored
[debug] [2026-09-27T08:18:53.103Z] 0 Function Deployments Aborted
[debug] [2026-09-27T08:18:53.103Z] Average Function Deployment time: 77483
[debug] [2026-09-27T08:18:53.113Z] Checked if tokens are valid: true, expires at: 1790498931110
[debug] [2026-09-27T08:18:53.113Z] Checked if tokens are valid: true, expires at: 1790498931110
[debug] [2026-09-27T08:18:53.115Z] >>> [apiv2][query] GET https://artifactregistry.googleapis.com/v1/projects/concise-kayak-468613-m9/locations/us-central1/repositories/gcf-artifacts [none]
[debug] [2026-09-27T08:18:54.849Z] <<< [apiv2][status] GET https://artifactregistry.googleapis.com/v1/projects/concise-kayak-468613-m9/locations/us-central1/repositories/gcf-artifacts 200
[debug] [2026-09-27T08:18:54.849Z] <<< [apiv2][body] GET https://artifactregistry.googleapis.com/v1/projects/concise-kayak-468613-m9/locations/us-central1/repositories/gcf-artifacts {"name":"projects/concise-kayak-468613-m9/locations/us-central1/repositories/gcf-artifacts","format":"DOCKER","description":"This repository is created and used by Cloud Functions for storing function docker images.","labels":{"goog-managed-by":"cloudfunctions"},"createTime":"2026-09-27T08:17:47.730528Z","updateTime":"2026-09-27T08:18:30.675372Z","mode":"STANDARD_REPOSITORY","sizeBytes":"94699699","vulnerabilityScanningConfig":{"lastEnableTime":"2026-09-27T08:17:38.970267852Z","enablementState":"SCANNING_DISABLED","enablementStateReason":"API containerscanning.googleapis.com is not enabled."},"satisfiesPzi":true,"registryUri":"us-central1-docker.pkg.dev/concise-kayak-468613-m9/gcf-artifacts"}
[warn] !  functions: No cleanup policy detected for repositories in us-central1. This may result in a small monthly bill as container images accumulate over time. 
[error] 
[error] Error: Functions successfully deployed but could not set up cleanup policy in location us-central1. Pass the --force option to automatically set up a cleanup policy or run 'firebase functions:artifacts:setpolicy' to manually set up a cleanup policy.
[debug] [2026-09-27T08:20:36.959Z] ----------------------------------------------------------------------
[debug] [2026-09-27T08:20:36.963Z] Command:       C:\Program Files\nodejs\node.exe C:\Users\amaya\AppData\Local\npm-cache\_npx\7750544ccf494d8b\node_modules\firebase-tools\lib\bin\firebase.js functions:artifacts:setpolicy --days 7 --location us-central1 --project concise-kayak-468613-m9 --force
[debug] [2026-09-27T08:20:36.963Z] CLI Version:   15.31.0
[debug] [2026-09-27T08:20:36.963Z] Platform:      win32
[debug] [2026-09-27T08:20:36.963Z] Node Version:  v22.19.0
[debug] [2026-09-27T08:20:36.963Z] Detected Agent: codex_cli
[debug] [2026-09-27T08:20:36.964Z] Time:          Sun Sep 27 2026 13:50:36 GMT+0530 (India Standard Time)
[debug] [2026-09-27T08:20:36.964Z] ----------------------------------------------------------------------
[debug] 
[debug] [2026-09-27T08:20:37.187Z] > command requires scopes: ["email","openid","https://www.googleapis.com/auth/cloudplatformprojects.readonly","https://www.googleapis.com/auth/firebase","https://www.googleapis.com/auth/cloud-platform"]
[debug] [2026-09-27T08:20:37.187Z] > authorizing via signed-in user (amayahiruni2002@gmail.com)
[debug] [2026-09-27T08:20:37.189Z] > command requires scopes: ["email","openid","https://www.googleapis.com/auth/cloudplatformprojects.readonly","https://www.googleapis.com/auth/firebase","https://www.googleapis.com/auth/cloud-platform"]
[debug] [2026-09-27T08:20:37.189Z] > authorizing via signed-in user (amayahiruni2002@gmail.com)
[debug] [2026-09-27T08:20:37.190Z] [iam] checking project concise-kayak-468613-m9 for permissions ["artifactregistry.repositories.update","artifactregistry.versions.delete","firebase.projects.get"]
[debug] [2026-09-27T08:20:37.201Z] Checked if tokens are valid: true, expires at: 1790498931110
[debug] [2026-09-27T08:20:37.201Z] Checked if tokens are valid: true, expires at: 1790498931110
[debug] [2026-09-27T08:20:37.203Z] >>> [apiv2][query] POST https://cloudresourcemanager.googleapis.com/v1/projects/concise-kayak-468613-m9:testIamPermissions [none]
[debug] [2026-09-27T08:20:37.204Z] >>> [apiv2][(partial)header] POST https://cloudresourcemanager.googleapis.com/v1/projects/concise-kayak-468613-m9:testIamPermissions  x-goog-user-project=concise-kayak-468613-m9
[debug] [2026-09-27T08:20:37.204Z] >>> [apiv2][body] POST https://cloudresourcemanager.googleapis.com/v1/projects/concise-kayak-468613-m9:testIamPermissions {"permissions":["artifactregistry.repositories.update","artifactregistry.versions.delete","firebase.projects.get"]}
[debug] [2026-09-27T08:20:38.959Z] <<< [apiv2][status] POST https://cloudresourcemanager.googleapis.com/v1/projects/concise-kayak-468613-m9:testIamPermissions 200
[debug] [2026-09-27T08:20:38.960Z] <<< [apiv2][body] POST https://cloudresourcemanager.googleapis.com/v1/projects/concise-kayak-468613-m9:testIamPermissions {"permissions":["artifactregistry.repositories.update","artifactregistry.versions.delete","firebase.projects.get"]}
[debug] [2026-09-27T08:20:38.963Z] Checked if tokens are valid: true, expires at: 1790498931110
[debug] [2026-09-27T08:20:38.964Z] Checked if tokens are valid: true, expires at: 1790498931110
[debug] [2026-09-27T08:20:38.964Z] >>> [apiv2][query] GET https://artifactregistry.googleapis.com/v1/projects/concise-kayak-468613-m9/locations/us-central1/repositories/gcf-artifacts [none]
[debug] [2026-09-27T08:20:40.642Z] <<< [apiv2][status] GET https://artifactregistry.googleapis.com/v1/projects/concise-kayak-468613-m9/locations/us-central1/repositories/gcf-artifacts 200
[debug] [2026-09-27T08:20:40.643Z] <<< [apiv2][body] GET https://artifactregistry.googleapis.com/v1/projects/concise-kayak-468613-m9/locations/us-central1/repositories/gcf-artifacts {"name":"projects/concise-kayak-468613-m9/locations/us-central1/repositories/gcf-artifacts","format":"DOCKER","description":"This repository is created and used by Cloud Functions for storing function docker images.","labels":{"goog-managed-by":"cloudfunctions"},"createTime":"2026-09-27T08:17:47.730528Z","updateTime":"2026-09-27T08:18:30.675372Z","mode":"STANDARD_REPOSITORY","sizeBytes":"94699699","vulnerabilityScanningConfig":{"lastEnableTime":"2026-09-27T08:17:38.970267852Z","enablementState":"SCANNING_DISABLED","enablementStateReason":"API containerscanning.googleapis.com is not enabled."},"satisfiesPzi":true,"registryUri":"us-central1-docker.pkg.dev/concise-kayak-468613-m9/gcf-artifacts"}
[info] i  You are about to set up a cleanup policy for Cloud Run functions container images in location us-central1 
[info] i  This policy will automatically delete container images that are older than 7 days 
[info] i  This helps reduce storage costs by removing old container images that are no longer needed 
[debug] [2026-09-27T08:20:40.649Z] Checked if tokens are valid: true, expires at: 1790498931110
[debug] [2026-09-27T08:20:40.649Z] Checked if tokens are valid: true, expires at: 1790498931110
[debug] [2026-09-27T08:20:40.650Z] >>> [apiv2][query] PATCH https://artifactregistry.googleapis.com/v1/projects/concise-kayak-468613-m9/locations/us-central1/repositories/gcf-artifacts updateMask=name%2CcleanupPolicies%2CcleanupPolicyDryRun%2Clabels
[debug] [2026-09-27T08:20:40.650Z] >>> [apiv2][body] PATCH https://artifactregistry.googleapis.com/v1/projects/concise-kayak-468613-m9/locations/us-central1/repositories/gcf-artifacts {"name":"projects/concise-kayak-468613-m9/locations/us-central1/repositories/gcf-artifacts","cleanupPolicies":{"firebase-functions-cleanup":{"id":"firebase-functions-cleanup","condition":{"tagState":"ANY","olderThan":"604800s"},"action":"DELETE"}},"cleanupPolicyDryRun":false,"labels":{"goog-managed-by":"cloudfunctions"}}
[debug] [2026-09-27T08:20:42.228Z] <<< [apiv2][status] PATCH https://artifactregistry.googleapis.com/v1/projects/concise-kayak-468613-m9/locations/us-central1/repositories/gcf-artifacts 200
